Godot Engine v4.7.1.stable.official.a13da4feb - https://godotengine.org

[ONLINE 1901] hosting 'Smoke Host's Lobby' on UDP 24646 as 'Smoke Host'
[ONLINE 2532] peer 1048620035 connected
[ONLINE 2829] peer 1048620035 admitted | client build itch-380e65c
[ONLINE 2831] starting match 1 on res://node_3d.tscn for 2 peers
[ONLINE 2832] received match scene start (match=1, spectator=false, map=res://node_3d.tscn)
[ONLINE 8911] match 1 ready peer 1 (1/2)
[ONLINE 8997] match 1 ready peer 1048620035 (2/2)
[ONLINE 17161] peer 1048620035 disconnected
ONLINE_BOTS_PASS host

WARNING: 4 ObjectDB instances were leaked at exit (run with `--verbose` for details).
   at: cleanup (core/object/object.cpp:2536)

Godot Engine v4.7.1.stable.official.a13da4feb - https://godotengine.org

[ONLINE 1955] joining 127.0.0.1:24646 (attempt 2)
[ONLINE 1965] connected to host as peer 1048620035
[ONLINE 1966] peer 1 connected
[ONLINE 2276] received match scene start (match=1, spectator=false, map=res://node_3d.tscn)
[ONLINE 8385] reporting match 1 scene ready
ONLINE_BOTS_PASS client

WARNING: 4 ObjectDB instances were leaked at exit (run with `--verbose` for details).
   at: cleanup (core/object/object.cpp:2536)

