Godot Engine v4.7.1.stable.official.a13da4feb - https://godotengine.org

[ONLINE 1510] hosting 'Smoke Host's Lobby' on UDP 24646 as 'Smoke Host'
[ONLINE 2153] peer 972380520 connected
[ONLINE 2457] peer 972380520 admitted | client build itch-380e65c
[ONLINE 2458] starting match 1 on res://node_3d.tscn for 2 peers
[ONLINE 2459] received match scene start (match=1, spectator=false, map=res://node_3d.tscn)
[ONLINE 6535] match 1 ready peer 1 (1/2)
[ONLINE 6615] match 1 ready peer 972380520 (2/2)
[ONLINE 12982] peer 972380520 disconnected
ONLINE_CLIENT_EXIT_PASS host

WARNING: 4 ObjectDB instances were leaked at exit (run with `--verbose` for details).
   at: cleanup (core/object/object.cpp:2536)

Godot Engine v4.7.1.stable.official.a13da4feb - https://godotengine.org

[ONLINE 1585] joining 127.0.0.1:24646 (attempt 2)
[ONLINE 1594] connected to host as peer 972380520
[ONLINE 1595] peer 1 connected
[ONLINE 1912] received match scene start (match=1, spectator=false, map=res://node_3d.tscn)
[ONLINE 6062] reporting match 1 scene ready
ONLINE_CLIENT_EXIT_PASS client

WARNING: 6 ObjectDB instances were leaked at exit (run with `--verbose` for details).
   at: cleanup (core/object/object.cpp:2536)

