Godot Engine v4.7.1.stable.official.a13da4feb - https://godotengine.org

[   0% ] first_scan_filesystem | Started Project initialization (5 steps)
[   0% ] first_scan_filesystem | Scanning file structure...
[  16% ] first_scan_filesystem | Loading global class names...
[  33% ] first_scan_filesystem | Verifying GDExtensions...
[  50% ] first_scan_filesystem | Creating autoload scripts...
[  66% ] first_scan_filesystem | Initializing plugins...
[  83% ] first_scan_filesystem | Starting file scan...
[ DONE ] first_scan_filesystem

[   0% ] _update_scan_actions | Started Scanning actions... (3 steps)
[   0% ] _update_scan_actions | ONE_GUN_MASCOT_CONCEPT_SHEET.png
[  25% ] _update_scan_actions | baseball_bat.glb
[  50% ] _update_scan_actions | new guy one gun model orange running.glb
[ DONE ] _update_scan_actions

[   0% ] reimport | Started (Re)Importing Assets (9 steps)
[   0% ] reimport | Preparing files to reimport...
[  10% ] reimport | Preparing files to reimport...
[  20% ] reimport | Preparing files to reimport...
[  30% ] reimport | Preparing files to reimport...
[  40% ] reimport | Preparing files to reimport...
[  50% ] reimport | Preparing files to reimport...
[  60% ] reimport | Preparing files to reimport...
[  70% ] reimport | Preparing files to reimport...
[  80% ] reimport | Preparing files to reimport...
[   0% ] reimport | Executing pre-reimport operations...
[   0% ] preload_reimporting_scene | Started Preparing scenes for reload (1 steps)
[   0% ] preload_reimporting_scene | Analyzing scene [empty]
[  50% ] preload_reimporting_scene | Preparation done.
[ DONE ] preload_reimporting_scene

[   0% ] reimport | baseball_bat_baseball+bat+3d+model_basecolor.jpg
[  10% ] reimport | baseball_bat_baseball+bat+3d+model_rm.jpg
[  20% ] reimport | baseball_bat_baseball+bat+3d+model_normal.jpg
[  30% ] reimport | new guy one gun model orange running_Untitled.png
[  40% ] reimport | new guy one gun model orange running_Untitled_1.png
[  50% ] reimport | new guy one gun model orange running_Untitled_2.png
[  60% ] reimport | new guy one gun model orange running_Untitled_3.png
[  70% ] reimport | baseball_bat.glb
[   0% ] import | Started Import Scene (104 steps)
[   0% ] import | Importing Scene...
[   1% ] import | Running Custom Script...
[  99% ] import | Saving...
[ DONE ] import

[  80% ] reimport | new guy one gun model orange running.glb
[   0% ] import | Started Import Scene (104 steps)
[   0% ] import | Importing Scene...
[   1% ] import | Running Custom Script...
[  99% ] import | Saving...
[ DONE ] import

[  90% ] reimport | Finalizing Asset Import...
[ DONE ] reimport

[   0% ] reimport | Started (Re)Importing Assets (9 steps)
[   0% ] reimport | Executing post-reimport operations...
[ DONE ] reimport

[   0% ] loading_editor_layout | Started Loading editor (5 steps)
[   0% ] loading_editor_layout | Loading editor layout...
[  16% ] loading_editor_layout | Loading docks...
[  33% ] loading_editor_layout | Reopening scenes...
[  50% ] loading_editor_layout | Loading central editor layout...
[  66% ] loading_editor_layout | Loading plugin window layout...
[  83% ] loading_editor_layout | Editor layout ready.
[ DONE ] loading_editor_layout

