Godot Engine v4.7.1.stable.official.a13da4feb - https://godotengine.org
D3D12 12_0 - Forward+ - Using Device #0: NVIDIA - NVIDIA GeForce RTX 4060 Ti

LOAD_DIAG 0 ticket=1 generation=1 index=-1 requested=3 map=<null> processing=true jobs=[{ "path": "res://maps/test/catTower.tscn", "started": true, "callbacks": { 1: Node(lobby_map_preview.gd)::_on_map_loaded } }]
STATUS 1
LOAD_DIAG 1 ticket=1 generation=1 index=-1 requested=3 map=<null> processing=true jobs=[{ "path": "res://maps/test/catTower.tscn", "started": true, "callbacks": { 1: Node(lobby_map_preview.gd)::_on_map_loaded } }]
STATUS 1
LOAD_DIAG 2 ticket=1 generation=1 index=-1 requested=3 map=<null> processing=true jobs=[{ "path": "res://maps/test/catTower.tscn", "started": true, "callbacks": { 1: Node(lobby_map_preview.gd)::_on_map_loaded } }]
STATUS 1
LOAD_DIAG 3 ticket=1 generation=1 index=-1 requested=3 map=<null> processing=true jobs=[{ "path": "res://maps/test/catTower.tscn", "started": true, "callbacks": { 1: Node(lobby_map_preview.gd)::_on_map_loaded } }]
STATUS 1
LOAD_DIAG 4 ticket=0 generation=1 index=3 requested=3 map=CatTower:<Node3D#299087432394> processing=false jobs=[]
LOAD_DIAG 5 ticket=0 generation=1 index=3 requested=3 map=CatTower:<Node3D#299087432394> processing=false jobs=[]
LOAD_DIAG 6 ticket=0 generation=1 index=3 requested=3 map=CatTower:<Node3D#299087432394> processing=false jobs=[]
LOAD_DIAG 7 ticket=0 generation=1 index=3 requested=3 map=CatTower:<Node3D#299087432394> processing=false jobs=[]
LOAD_DIAG 8 ticket=0 generation=1 index=3 requested=3 map=CatTower:<Node3D#299087432394> processing=false jobs=[]
LOAD_DIAG 9 ticket=0 generation=1 index=3 requested=3 map=CatTower:<Node3D#299087432394> processing=false jobs=[]
LOAD_DIAG 10 ticket=0 generation=1 index=3 requested=3 map=CatTower:<Node3D#299087432394> processing=false jobs=[]
LOAD_DIAG 11 ticket=0 generation=1 index=3 requested=3 map=CatTower:<Node3D#299087432394> processing=false jobs=[]
LOAD_DIAG 12 ticket=0 generation=1 index=3 requested=3 map=CatTower:<Node3D#299087432394> processing=false jobs=[]
LOAD_DIAG 13 ticket=0 generation=1 index=3 requested=3 map=CatTower:<Node3D#299087432394> processing=false jobs=[]
LOAD_DIAG 14 ticket=0 generation=1 index=3 requested=3 map=CatTower:<Node3D#299087432394> processing=false jobs=[]
WARNING: 4 ObjectDB instances were leaked at exit (run with `--verbose` for details).
   at: cleanup (core/object/object.cpp:2536)
