Godot Engine v4.7.1.stable.official.a13da4feb - https://godotengine.org

[ONLINE 1644] hosting 'Smoke Host's Lobby' on UDP 24646 as 'Smoke Host'
[ONLINE 2225] peer 130512310 connected
[ONLINE 2529] peer 130512310 admitted | client build itch-380e65c
[ONLINE 2531] starting match 1 on res://node_3d.tscn for 2 peers
[ONLINE 2532] received match scene start (match=1, spectator=false, map=res://node_3d.tscn)
[ONLINE 7162] match 1 ready peer 1 (1/2)
[ONLINE 7247] match 1 ready peer 130512310 (2/2)
[ONLINE 13784] peer 130512310 disconnected
ONLINE_CLIENT_EXIT_PASS host

WARNING: 4 ObjectDB instances were leaked at exit (run with `--verbose` for details).
   at: cleanup (core/object/object.cpp:2536)

Godot Engine v4.7.1.stable.official.a13da4feb - https://godotengine.org

[ONLINE 1651] joining 127.0.0.1:24646 (attempt 2)
[ONLINE 1660] connected to host as peer 130512310
[ONLINE 1661] peer 1 connected
[ONLINE 1985] received match scene start (match=1, spectator=false, map=res://node_3d.tscn)
[ONLINE 6692] reporting match 1 scene ready
ONLINE_CLIENT_EXIT_PASS client
ERROR: 36 RID allocations of type 'PN13RendererDummy14TextureStorage12DummyTextureE' were leaked at exit.
ERROR: 2 RID allocations of type 'PN18TextServerAdvanced12FontAdvancedE' were leaked at exit.

WARNING: 2 RIDs of type "CanvasItem" were leaked.
   at: _free_rids (servers/rendering/renderer_canvas_cull.cpp:2735)
WARNING: 126 ObjectDB instances were leaked at exit (run with `--verbose` for details).
   at: cleanup (core/object/object.cpp:2536)
ERROR: 2 resources still in use at exit (run with --verbose for details).
   at: clear (core/io/resource.cpp:822)

