Godot Engine v4.7.1.stable.official.a13da4feb - https://godotengine.org

[ONLINE 1845] hosting 'Smoke Host's Lobby' on UDP 24646 as 'Smoke Host'
[ONLINE 2469] peer 2139813844 connected
[ONLINE 2752] peer 2139813844 admitted | client build itch-380e65c
[ONLINE 2754] starting match 1 on res://node_3d.tscn for 2 peers
[ONLINE 2756] received match scene start (match=1, spectator=false, map=res://node_3d.tscn)
[ONLINE 7225] match 1 ready peer 1 (1/2)
[ONLINE 7295] match 1 ready peer 2139813844 (2/2)
[ONLINE 15353] peer 2139813844 disconnected
ONLINE_BOTS_PASS host

WARNING: 4 ObjectDB instances were leaked at exit (run with `--verbose` for details).
   at: cleanup (core/object/object.cpp:2536)

Godot Engine v4.7.1.stable.official.a13da4feb - https://godotengine.org

[ONLINE 1887] joining 127.0.0.1:24646 (attempt 2)
[ONLINE 1896] connected to host as peer 2139813844
[ONLINE 1898] peer 1 connected
[ONLINE 2194] received match scene start (match=1, spectator=false, map=res://node_3d.tscn)
[ONLINE 6658] reporting match 1 scene ready
ONLINE_BOTS_PASS client

WARNING: 8 ObjectDB instances were leaked at exit (run with `--verbose` for details).
   at: cleanup (core/object/object.cpp:2536)
ERROR: 2 resources still in use at exit (run with --verbose for details).
   at: clear (core/io/resource.cpp:822)

