Godot Engine v4.7.1.stable.official.a13da4feb - https://godotengine.org

[ONLINE 1553] hosting 'Smoke Host's Lobby' on UDP 24646 as 'Smoke Host'
[ONLINE 2203] peer 843292279 connected
[ONLINE 2507] peer 843292279 admitted | client build itch-380e65c
[ONLINE 2509] starting match 1 on res://node_3d.tscn for 2 peers
[ONLINE 2510] received match scene start (match=1, spectator=false, map=res://node_3d.tscn)
[ONLINE 7600] match 1 ready peer 1 (1/2)
[ONLINE 7671] match 1 ready peer 843292279 (2/2)
ONLINE_OVERTIME_PASS host

WARNING: 4 ObjectDB instances were leaked at exit (run with `--verbose` for details).
   at: cleanup (core/object/object.cpp:2536)

Godot Engine v4.7.1.stable.official.a13da4feb - https://godotengine.org

[ONLINE 1632] joining 127.0.0.1:24646 (attempt 2)
[ONLINE 1641] connected to host as peer 843292279
[ONLINE 1642] peer 1 connected
[ONLINE 1966] received match scene start (match=1, spectator=false, map=res://node_3d.tscn)
[ONLINE 6405] reporting match 1 scene ready
ONLINE_OVERTIME_PASS client

WARNING: 4 ObjectDB instances were leaked at exit (run with `--verbose` for details).
   at: cleanup (core/object/object.cpp:2536)

