Godot Engine v4.7.1.stable.official.a13da4feb - https://godotengine.org

[ONLINE 1348] hosting 'Smoke Client's Lobby' on UDP 24646 as 'Smoke Client'
[ONLINE 4309] peer 1080437256 connected
[ONLINE 4454] peer 1080437256 admitted | client build itch-380e65c
[ONLINE 6720] peer 1080437256 renamed to 'Smoke Client'
ONLINE_LOBBY_PASS host


Godot Engine v4.7.1.stable.official.a13da4feb - https://godotengine.org

[ONLINE 1387] joining 127.0.0.1:24646 (attempt 2)
[ONLINE 1396] connected to host as peer 1080437256
[ONLINE 1397] peer 1 connected
ONLINE_LOBBY_PASS client
[ONLINE 17077] peer 1 disconnected
[ONLINE 17099] host disconnected
ERROR: 23 RID allocations of type 'PN13RendererDummy14TextureStorage12DummyTextureE' were leaked at exit.
ERROR: 2 RID allocations of type 'PN18TextServerAdvanced12FontAdvancedE' were leaked at exit.

WARNING: 2 RIDs of type "CanvasItem" were leaked.
   at: _free_rids (servers/rendering/renderer_canvas_cull.cpp:2735)
WARNING: 81 ObjectDB instances were leaked at exit (run with `--verbose` for details).
   at: cleanup (core/object/object.cpp:2536)
ERROR: 2 resources still in use at exit (run with --verbose for details).
   at: clear (core/io/resource.cpp:822)

