Godot Engine v4.7.1.stable.official.a13da4feb - https://godotengine.org

[DEDICATED] One Gun 0.0.7 | build itch-380e65c | protocol 3
[DEDICATED] Listening on UDP 24756 | max players 4 | lobby 'Dedicated-Smoke'
[DEDICATED] Initial map: res://node_3d.tscn
[ONLINE 2561] peer 15160327 connected
[ONLINE 2858] peer 15160327 admitted | client build itch-380e65c
[DEDICATED] Peer 15160327 became lobby controller.
[ONLINE 3030] peer 795253506 connected
[ONLINE 3327] peer 795253506 admitted | client build itch-380e65c
[ONLINE 6405] starting match 1 on res://node_3d.tscn for 2 peers
[ONLINE 6406] received match scene start (match=1, spectator=false, map=res://node_3d.tscn)
[ONLINE 11703] match 1 ready peer 15160327 (1/2)
[ONLINE 11717] match 1 ready peer 795253506 (2/2)
[DEDICATED ACTION] gun pickup requested by actor 1 (epoch 1)
[DEDICATED ACTION] gun fire requested by actor 1 (epoch 1)
[DEDICATED ACTION] gun drop requested by actor 1 (epoch 1)
[DEDICATED ACTION] melee pickup requested by actor 1 for candidate 0 (epoch 1)
[DEDICATED ACTION] melee swing requested by actor 1 for candidate 0 (epoch 1)
[DEDICATED ACTION] melee hit confirmed actor 1 -> actor 2 (candidate 0, epoch 1)
[DEDICATED ACTION] melee drop requested by actor 1 for candidate 0 (epoch 1)
[DEDICATED ACTION] item pickup requested by actor 1 for item 0 (epoch 1)
[DEDICATED ACTION] item drop requested by actor 1 for item 0 (epoch 1)
[DEDICATED ACTION] item pickup requested by actor 1 for item 1 (epoch 1)
[DEDICATED ACTION] item throw requested by actor 1 for item 1 (epoch 1)
[DEDICATED] Lobby runtime restored; ENet remains active on UDP 24756.
[ONLINE 27713] peer 15160327 disconnected
[DEDICATED] Peer 795253506 became lobby controller.
[ONLINE 27796] peer 795253506 disconnected
[DEDICATED] Lobby has no controller; waiting for a player.


Godot Engine v4.7.1.stable.official.a13da4feb - https://godotengine.org

[ONLINE 1728] joining 127.0.0.1:24756 (attempt 2)
[ONLINE 1739] connected to host as peer 15160327
[ONLINE 1741] peer 1 connected
[ONLINE 2222] peer 795253506 connected
[ONLINE 5596] received match scene start (match=1, spectator=false, map=res://node_3d.tscn)
[ONLINE 10885] reporting match 1 scene ready
DEDICATED_SERVER_PASS controller
DEDICATED_MOVEMENT_SYNC_PASS controller
DEDICATED_INPUT_PICKUP_PASS controller
DEDICATED_INPUT_FIRE_PASS controller
DEDICATED_INPUT_DROP_PASS controller
DEDICATED_MELEE_PICKUP_PASS controller
DEDICATED_MELEE_SWING_PASS controller
DEDICATED_MELEE_HIT_PASS controller
DEDICATED_MELEE_DROP_PASS controller
DEDICATED_ITEM_PICKUP_PASS controller
DEDICATED_ITEM_DROP_PASS controller
DEDICATED_ITEM_THROW_PASS controller
DEDICATED_RETURN_PASS controller
[ONLINE 26890] disconnect requested

WARNING: 5 ObjectDB instances were leaked at exit (run with `--verbose` for details).
   at: cleanup (core/object/object.cpp:2536)

Godot Engine v4.7.1.stable.official.a13da4feb - https://godotengine.org

[ONLINE 1662] joining 127.0.0.1:24756 (attempt 2)
[ONLINE 1672] connected to host as peer 795253506
[ONLINE 1675] peer 1 connected
[ONLINE 1686] peer 15160327 connected
[ONLINE 5060] received match scene start (match=1, spectator=false, map=res://node_3d.tscn)
[ONLINE 10361] reporting match 1 scene ready
DEDICATED_SERVER_PASS guest
DEDICATED_MOVEMENT_SYNC_PASS guest
DEDICATED_INPUT_PICKUP_PASS guest
DEDICATED_INPUT_FIRE_PASS guest
DEDICATED_INPUT_DROP_PASS guest
DEDICATED_MELEE_PICKUP_PASS guest
DEDICATED_MELEE_SWING_PASS guest
DEDICATED_MELEE_HIT_PASS guest
DEDICATED_MELEE_DROP_PASS guest
DEDICATED_ITEM_PICKUP_PASS guest
DEDICATED_ITEM_DROP_PASS guest
DEDICATED_ITEM_THROW_PASS guest
DEDICATED_RETURN_PASS guest
[ONLINE 26372] peer 15160327 disconnected
[DEDICATED] Peer 795253506 became lobby controller.
[ONLINE 26445] disconnect requested

WARNING: 5 ObjectDB instances were leaked at exit (run with `--verbose` for details).
   at: cleanup (core/object/object.cpp:2536)

