Godot Engine v4.7.1.stable.official.a13da4feb - https://godotengine.org

[DEDICATED] One Gun 0.0.7 | build itch-380e65c | protocol 3
[DEDICATED] Listening on UDP 24756 | max players 4 | lobby 'Dedicated-Smoke'
[DEDICATED] Initial map: res://node_3d.tscn
[ONLINE 2369] peer 1151223071 connected
[ONLINE 2666] peer 1151223071 admitted | client build itch-380e65c
[DEDICATED] Peer 1151223071 became lobby controller.
[ONLINE 2838] peer 1593288664 connected
[ONLINE 3128] peer 1593288664 admitted | client build itch-380e65c
[ONLINE 6240] starting match 1 on res://node_3d.tscn for 2 peers
[ONLINE 6241] received match scene start (match=1, spectator=false, map=res://node_3d.tscn)
[ONLINE 10793] match 1 ready peer 1593288664 (1/2)
[ONLINE 11042] match 1 ready peer 1151223071 (2/2)
[DEDICATED ACTION] gun pickup requested by actor 1 (epoch 1)
[DEDICATED ACTION] gun fire requested by actor 1 (epoch 1)
[DEDICATED ACTION] gun drop requested by actor 1 (epoch 1)
[DEDICATED ACTION] melee pickup requested by actor 1 for candidate 0 (epoch 1)
[DEDICATED ACTION] melee swing requested by actor 1 for candidate 0 (epoch 1)
[DEDICATED ACTION] melee hit confirmed actor 1 -> actor 2 (candidate 0, epoch 1)
[DEDICATED ACTION] melee drop requested by actor 1 for candidate 0 (epoch 1)
[DEDICATED ACTION] item pickup requested by actor 1 for item 0 (epoch 1)
[DEDICATED ACTION] item drop requested by actor 1 for item 0 (epoch 1)
[DEDICATED ACTION] item pickup requested by actor 1 for item 1 (epoch 1)
[DEDICATED ACTION] item throw requested by actor 1 for item 1 (epoch 1)
[DEDICATED] Lobby runtime restored; ENet remains active on UDP 24756.
[ONLINE 27626] peer 1151223071 disconnected
[DEDICATED] Peer 1593288664 became lobby controller.
[ONLINE 27715] peer 1593288664 disconnected
[DEDICATED] Lobby has no controller; waiting for a player.


Godot Engine v4.7.1.stable.official.a13da4feb - https://godotengine.org

[ONLINE 1537] joining 127.0.0.1:24756 (attempt 2)
[ONLINE 1547] connected to host as peer 1151223071
[ONLINE 1550] peer 1 connected
[ONLINE 2030] peer 1593288664 connected
[ONLINE 5439] received match scene start (match=1, spectator=false, map=res://node_3d.tscn)
[ONLINE 10227] reporting match 1 scene ready
DEDICATED_SERVER_PASS controller
DEDICATED_MOVEMENT_SYNC_PASS controller
DEDICATED_INPUT_PICKUP_PASS controller
DEDICATED_INPUT_FIRE_PASS controller
DEDICATED_INPUT_DROP_PASS controller
DEDICATED_MELEE_PICKUP_PASS controller
DEDICATED_MELEE_SWING_PASS controller
DEDICATED_MELEE_HIT_PASS controller
DEDICATED_MELEE_DROP_PASS controller
DEDICATED_ITEM_PICKUP_PASS controller
DEDICATED_ITEM_DROP_PASS controller
DEDICATED_ITEM_THROW_PASS controller
DEDICATED_RETURN_PASS controller
[ONLINE 26810] disconnect requested

WARNING: 5 ObjectDB instances were leaked at exit (run with `--verbose` for details).
   at: cleanup (core/object/object.cpp:2536)

Godot Engine v4.7.1.stable.official.a13da4feb - https://godotengine.org

[ONLINE 1480] joining 127.0.0.1:24756 (attempt 2)
[ONLINE 1491] connected to host as peer 1593288664
[ONLINE 1494] peer 1 connected
[ONLINE 1505] peer 1151223071 connected
[ONLINE 4907] received match scene start (match=1, spectator=false, map=res://node_3d.tscn)
[ONLINE 9450] reporting match 1 scene ready
DEDICATED_SERVER_PASS guest
DEDICATED_MOVEMENT_SYNC_PASS guest
DEDICATED_INPUT_PICKUP_PASS guest
DEDICATED_INPUT_FIRE_PASS guest
DEDICATED_INPUT_DROP_PASS guest
DEDICATED_MELEE_PICKUP_PASS guest
DEDICATED_MELEE_SWING_PASS guest
DEDICATED_MELEE_HIT_PASS guest
DEDICATED_MELEE_DROP_PASS guest
DEDICATED_ITEM_PICKUP_PASS guest
DEDICATED_ITEM_DROP_PASS guest
DEDICATED_ITEM_THROW_PASS guest
DEDICATED_RETURN_PASS guest
[ONLINE 26292] peer 1151223071 disconnected
[DEDICATED] Peer 1593288664 became lobby controller.
[ONLINE 26377] disconnect requested

WARNING: 5 ObjectDB instances were leaked at exit (run with `--verbose` for details).
   at: cleanup (core/object/object.cpp:2536)

