Godot Engine v4.7.1.stable.official.a13da4feb - https://godotengine.org
D3D12 12_0 - Forward+ - Using Device #0: NVIDIA - NVIDIA GeForce RTX 4060 Ti

MAP_AUDIT_GPU NVIDIA GeForce RTX 4060 Ti
ERROR: Condition "p_scene && p_scene->get_parent() != root" is true.
   at: set_current_scene (scene/main/scene_tree.cpp:1665)
   GDScript backtrace (most recent call first):
       [0] _run (res://artifacts/deep_audit_20260906/map_runtime.gd:33)
MAP_AUDIT {"actors":10,"after_nodes":166.0,"after_resources":476.0,"after_static_mb":160.290706634521,"after_video_mb":495.171875,"cycle":0,"draw_calls":2187.0,"frame_max_ms":309.752,"frame_median_ms":10.85,"frame_p95_ms":15.111,"gun_count":1,"instantiate_ms":880.534,"load_ms":3543.905,"map":"Whispering Woods","meshes":604,"nav_polygons":614,"nodes":1587,"occluders":0,"render_primitives":1252122.0,"resources":1019.0,"spawns":10,"static_mb":179.644418716431,"video_mb":764.984375}
ERROR: Condition "p_scene && p_scene->get_parent() != root" is true.
   at: set_current_scene (scene/main/scene_tree.cpp:1665)
   GDScript backtrace (most recent call first):
       [0] _run (res://artifacts/deep_audit_20260906/map_runtime.gd:33)
MAP_AUDIT {"actors":10,"after_nodes":205.0,"after_resources":480.0,"after_static_mb":161.178605079651,"after_video_mb":451.65234375,"cycle":0,"draw_calls":286.0,"frame_max_ms":48.355,"frame_median_ms":6.854,"frame_p95_ms":12.204,"gun_count":1,"instantiate_ms":485.717,"load_ms":524.81,"map":"Western Town","meshes":174,"nav_polygons":805,"nodes":1094,"occluders":0,"render_primitives":936604.0,"resources":869.0,"spawns":10,"static_mb":179.117602348328,"video_mb":735.21484375}
ERROR: Condition "p_scene && p_scene->get_parent() != root" is true.
   at: set_current_scene (scene/main/scene_tree.cpp:1665)
   GDScript backtrace (most recent call first):
       [0] _run (res://artifacts/deep_audit_20260906/map_runtime.gd:33)
MAP_AUDIT {"actors":10,"after_nodes":297.0,"after_resources":513.0,"after_static_mb":163.470417976379,"after_video_mb":509.2265625,"cycle":0,"draw_calls":858.0,"frame_max_ms":44.067,"frame_median_ms":9.685,"frame_p95_ms":16.713,"gun_count":1,"instantiate_ms":203.336,"load_ms":343.947,"map":"Gun Square","meshes":324,"nav_polygons":370,"nodes":1323,"occluders":0,"render_primitives":689214.0,"resources":1077.0,"spawns":10,"static_mb":178.494264602661,"video_mb":758.4765625}
ERROR: Condition "p_scene && p_scene->get_parent() != root" is true.
   at: set_current_scene (scene/main/scene_tree.cpp:1665)
   GDScript backtrace (most recent call first):
       [0] _run (res://artifacts/deep_audit_20260906/map_runtime.gd:33)
SCRIPT ERROR: Invalid access to property or key 'global_transform' on a base object of type 'Node (map_runtime.gd)'.
   at: _spawn_deployed (res://item.gd:724)
   GDScript backtrace (most recent call first):
       [0] _spawn_deployed (res://item.gd:724)
       [1] _deploy (res://item.gd:695)
       [2] _on_flight_body_entered (res://item.gd:675)
