Godot Engine v4.7.1.stable.official.a13da4feb - https://godotengine.org

[ONLINE 1508] hosting 'Smoke Client's Lobby' on UDP 24646 as 'Smoke Client'
[ONLINE 2138] peer 1780100007 connected
[ONLINE 2435] peer 1780100007 admitted | client build itch-380e65c
[ONLINE 2437] starting match 1 on res://maps/test/SpaceStationPrototype.tscn for 2 peers
[ONLINE 2438] received match scene start (match=1, spectator=false, map=res://maps/test/SpaceStationPrototype.tscn)
[ONLINE 7653] match 1 ready peer 1 (1/2)
[ONLINE 7738] match 1 ready peer 1780100007 (2/2)
[ONLINE] gun pickup rejected for actor 1: distance 10.01 > 7.00
[REWARDS] Frozen match f32b452fc034a596d88c44e679b7f94a official=false starters=2 finishers=2
ONLINE_SMOKE_PASS host
[ONLINE 44193] peer 1780100007 disconnected


Godot Engine v4.7.1.stable.official.a13da4feb - https://godotengine.org

[ONLINE 1490] joining 127.0.0.1:24646 (attempt 2)
[ONLINE 1500] connected to host as peer 1780100007
[ONLINE 1501] peer 1 connected
[ONLINE 1817] received match scene start (match=1, spectator=false, map=res://maps/test/SpaceStationPrototype.tscn)
[ONLINE 6974] reporting match 1 scene ready
ONLINE_SMOKE_PASS client

WARNING: 2 ObjectDB instances were leaked at exit (run with `--verbose` for details).
   at: cleanup (core/object/object.cpp:2536)
ERROR: 1 resources still in use at exit (run with --verbose for details).
   at: clear (core/io/resource.cpp:822)

