Godot Engine v4.7.1.stable.official.a13da4feb - https://godotengine.org

[ONLINE 2404] hosting 'Smoke Client's Lobby' on UDP 24646 as 'Smoke Client'
[ONLINE 3062] peer 721483241 connected
[ONLINE 3359] peer 721483241 admitted | client build itch-380e65c
[ONLINE 3362] starting match 1 on res://node_3d.tscn for 2 peers
[ONLINE 3363] received match scene start (match=1, spectator=false, map=res://node_3d.tscn)
[ONLINE 10435] match 1 ready peer 1 (1/2)
[ONLINE 10543] match 1 ready peer 721483241 (2/2)
[ONLINE 21643] peer 721483241 disconnected
ONLINE_EXIT_FLOW_PASS host
ERROR: 39 RID allocations of type 'PN13RendererDummy14TextureStorage12DummyTextureE' were leaked at exit.
ERROR: 2 RID allocations of type 'PN18TextServerAdvanced12FontAdvancedE' were leaked at exit.

ERROR: res://maps/test/ForestMap.tscn:1139 - Parse Error: .
   at: _printerr (scene/resources/resource_format_text.cpp:41)
ERROR: Failed loading resource: res://maps/test/ForestMap.tscn.
   at: _load (core/io/resource_loader.cpp:317)
WARNING: 2 RIDs of type "CanvasItem" were leaked.
   at: _free_rids (servers/rendering/renderer_canvas_cull.cpp:2735)
WARNING: 184 ObjectDB instances were leaked at exit (run with `--verbose` for details).
   at: cleanup (core/object/object.cpp:2536)
ERROR: 2 resources still in use at exit (run with --verbose for details).
   at: clear (core/io/resource.cpp:822)

Godot Engine v4.7.1.stable.official.a13da4feb - https://godotengine.org

[ONLINE 2466] joining 127.0.0.1:24646 (attempt 2)
[ONLINE 2477] connected to host as peer 721483241
[ONLINE 2480] peer 1 connected
[ONLINE 2795] received match scene start (match=1, spectator=false, map=res://node_3d.tscn)
[ONLINE 9860] reporting match 1 scene ready
ONLINE_EXIT_FLOW_PASS client
ERROR: 39 RID allocations of type 'PN13RendererDummy14TextureStorage12DummyTextureE' were leaked at exit.
ERROR: 2 RID allocations of type 'PN18TextServerAdvanced12FontAdvancedE' were leaked at exit.

ERROR: res://maps/test/ForestMap.tscn:1139 - Parse Error: .
   at: _printerr (scene/resources/resource_format_text.cpp:41)
ERROR: Failed loading resource: res://maps/test/ForestMap.tscn.
   at: _load (core/io/resource_loader.cpp:317)
WARNING: 2 RIDs of type "CanvasItem" were leaked.
   at: _free_rids (servers/rendering/renderer_canvas_cull.cpp:2735)
WARNING: 184 ObjectDB instances were leaked at exit (run with `--verbose` for details).
   at: cleanup (core/object/object.cpp:2536)
ERROR: 2 resources still in use at exit (run with --verbose for details).
   at: clear (core/io/resource.cpp:822)

