Godot Engine v4.7.1.stable.official.a13da4feb - https://godotengine.org

[ONLINE 1877] hosting 'Smoke Client's Lobby' on UDP 24646 as 'Smoke Client'
[ONLINE 2396] peer 1309382572 connected
[ONLINE 2700] peer 1309382572 admitted | client build itch-380e65c
[ONLINE 2703] starting match 1 on res://node_3d.tscn for 2 peers
[ONLINE 2704] received match scene start (match=1, spectator=false, map=res://node_3d.tscn)
[ONLINE 8328] match 1 ready peer 1 (1/2)
[ONLINE 8420] match 1 ready peer 1309382572 (2/2)
[ONLINE 14865] peer 1309382572 disconnected
ONLINE_CLIENT_EXIT_PASS host


Godot Engine v4.7.1.stable.official.a13da4feb - https://godotengine.org

[ONLINE 1796] joining 127.0.0.1:24646 (attempt 2)
[ONLINE 1806] connected to host as peer 1309382572
[ONLINE 1807] peer 1 connected
[ONLINE 2131] received match scene start (match=1, spectator=false, map=res://node_3d.tscn)
[ONLINE 7427] reporting match 1 scene ready
ONLINE_CLIENT_EXIT_PASS client
ERROR: 35 RID allocations of type 'PN13RendererDummy14TextureStorage12DummyTextureE' were leaked at exit.
ERROR: 2 RID allocations of type 'PN18TextServerAdvanced12FontAdvancedE' were leaked at exit.

ERROR: res://maps/test/ForestMap.tscn:1139 - Parse Error: .
   at: _printerr (scene/resources/resource_format_text.cpp:41)
ERROR: Failed loading resource: res://maps/test/ForestMap.tscn.
   at: _load (core/io/resource_loader.cpp:317)
WARNING: 2 RIDs of type "CanvasItem" were leaked.
   at: _free_rids (servers/rendering/renderer_canvas_cull.cpp:2735)
WARNING: 172 ObjectDB instances were leaked at exit (run with `--verbose` for details).
   at: cleanup (core/object/object.cpp:2536)
ERROR: 2 resources still in use at exit (run with --verbose for details).
   at: clear (core/io/resource.cpp:822)

