Godot Engine v4.7.1.stable.official.a13da4feb - https://godotengine.org
D3D12 12_0 - Forward+ - Using Device #0: NVIDIA - NVIDIA GeForce RTX 4060 Ti

PLAYER_V2_RENDER_CAPTURE D:/Godot Projects/one-gun/artifacts/deep_audit_20260906/player_v2_captures/main_menu_launch_release_notes.png
PLAYER_V2_RENDER_CAPTURE D:/Godot Projects/one-gun/artifacts/deep_audit_20260906/player_v2_captures/main_menu.png
PLAYER_V2_RENDER_CAPTURE D:/Godot Projects/one-gun/artifacts/deep_audit_20260906/player_v2_captures/main_menu_release_notes.png
PLAYER_V2_RENDER_CAPTURE D:/Godot Projects/one-gun/artifacts/deep_audit_20260906/player_v2_captures/main_menu_player_hub.png
PLAYER_V2_RENDER_CAPTURE D:/Godot Projects/one-gun/artifacts/deep_audit_20260906/player_v2_captures/main_menu_customization.png
PLAYER_V2_RENDER_CAPTURE D:/Godot Projects/one-gun/artifacts/deep_audit_20260906/player_v2_captures/main_menu_player_hub_return.png
PLAYER_V2_RENDER_CAPTURE D:/Godot Projects/one-gun/artifacts/deep_audit_20260906/player_v2_captures/lobby_customization.png
PLAYER_V2_RENDER_CAPTURE D:/Godot Projects/one-gun/artifacts/deep_audit_20260906/player_v2_captures/gameplay_idle.png
PLAYER_V2_RENDER_CAPTURE D:/Godot Projects/one-gun/artifacts/deep_audit_20260906/player_v2_captures/gameplay_run.png
PLAYER_V2_RENDER_CAPTURE D:/Godot Projects/one-gun/artifacts/deep_audit_20260906/player_v2_captures/gameplay_jump.png
PLAYER_V2_RENDER_CAPTURE D:/Godot Projects/one-gun/artifacts/deep_audit_20260906/player_v2_captures/gameplay_melee.png
PLAYER_V2_GUN_IDLE_ALIGNMENT player_forward=(0.0, 0.0, -1.0) muzzle_from_grip=(0.128211, 0.321495, -0.938191)
PLAYER_V2_RENDER_CAPTURE D:/Godot Projects/one-gun/artifacts/deep_audit_20260906/player_v2_captures/held_gun.png
PLAYER_V2_RENDER_CAPTURE D:/Godot Projects/one-gun/artifacts/deep_audit_20260906/player_v2_captures/held_gun_rear.png
PLAYER_V2_GUN_MOVING_ALIGNMENT player_forward=(0.0, 0.0, -1.0) muzzle_from_grip=(0.128211, 0.638632, -0.758756)
PLAYER_V2_RENDER_CAPTURE D:/Godot Projects/one-gun/artifacts/deep_audit_20260906/player_v2_captures/held_gun_moving.png
PLAYER_V2_RENDER_CAPTURE D:/Godot Projects/one-gun/artifacts/deep_audit_20260906/player_v2_captures/held_gun_moving_rear.png
PLAYER_V2_RENDER_CAPTURE D:/Godot Projects/one-gun/artifacts/deep_audit_20260906/player_v2_captures/victory_dance_no_gun_skin_preserved.png
PLAYER_V2_RENDER_CAPTURE D:/Godot Projects/one-gun/artifacts/deep_audit_20260906/player_v2_captures/held_sword.png
PLAYER_V2_RENDER_CAPTURE D:/Godot Projects/one-gun/artifacts/deep_audit_20260906/player_v2_captures/held_sword_rear.png
PLAYER_V2_RENDER_CAPTURE D:/Godot Projects/one-gun/artifacts/deep_audit_20260906/player_v2_captures/swing_sword.png
PLAYER_V2_RENDER_CAPTURE D:/Godot Projects/one-gun/artifacts/deep_audit_20260906/player_v2_captures/held_baseball_bat.png
PLAYER_V2_RENDER_CAPTURE D:/Godot Projects/one-gun/artifacts/deep_audit_20260906/player_v2_captures/held_baseball_bat_rear.png
PLAYER_V2_RENDER_CAPTURE D:/Godot Projects/one-gun/artifacts/deep_audit_20260906/player_v2_captures/swing_baseball_bat.png
PLAYER_V2_RENDER_CAPTURE D:/Godot Projects/one-gun/artifacts/deep_audit_20260906/player_v2_captures/held_stick.png
PLAYER_V2_RENDER_CAPTURE D:/Godot Projects/one-gun/artifacts/deep_audit_20260906/player_v2_captures/held_stick_rear.png
PLAYER_V2_RENDER_CAPTURE D:/Godot Projects/one-gun/artifacts/deep_audit_20260906/player_v2_captures/swing_stick.png
PLAYER_V2_RENDER_CAPTURE D:/Godot Projects/one-gun/artifacts/deep_audit_20260906/player_v2_captures/held_crowbar.png
PLAYER_V2_RENDER_CAPTURE D:/Godot Projects/one-gun/artifacts/deep_audit_20260906/player_v2_captures/held_crowbar_rear.png
PLAYER_V2_RENDER_CAPTURE D:/Godot Projects/one-gun/artifacts/deep_audit_20260906/player_v2_captures/swing_crowbar.png
PLAYER_V2_RENDER_CAPTURE D:/Godot Projects/one-gun/artifacts/deep_audit_20260906/player_v2_captures/held_frying_pan.png
PLAYER_V2_RENDER_CAPTURE D:/Godot Projects/one-gun/artifacts/deep_audit_20260906/player_v2_captures/held_frying_pan_rear.png
PLAYER_V2_RENDER_CAPTURE D:/Godot Projects/one-gun/artifacts/deep_audit_20260906/player_v2_captures/swing_frying_pan.png
PLAYER_V2_THROW_LENGTH runtime=0.84999990463257
PLAYER_V2_RENDER_CAPTURE D:/Godot Projects/one-gun/artifacts/deep_audit_20260906/player_v2_captures/throw_012.png
PLAYER_V2_RENDER_CAPTURE D:/Godot Projects/one-gun/artifacts/deep_audit_20260906/player_v2_captures/throw_030.png
PLAYER_V2_RENDER_CAPTURE D:/Godot Projects/one-gun/artifacts/deep_audit_20260906/player_v2_captures/throw_048.png
PLAYER_V2_RENDER_CAPTURE D:/Godot Projects/one-gun/artifacts/deep_audit_20260906/player_v2_captures/throw_066.png
PLAYER_V2_RENDER_CAPTURE D:/Godot Projects/one-gun/artifacts/deep_audit_20260906/player_v2_captures/throw_082.png
PLAYER_V2_RENDER_CAPTURE D:/Godot Projects/one-gun/artifacts/deep_audit_20260906/player_v2_captures/source_standard_run.png
PLAYER_V2_RENDER_CAPTURE D:/Godot Projects/one-gun/artifacts/deep_audit_20260906/player_v2_captures/source_jump.png
PLAYER_V2_RENDER_CAPTURE D:/Godot Projects/one-gun/artifacts/deep_audit_20260906/player_v2_captures/source_melee.png
PLAYER_V2_RENDER_VALIDATION_OK output=D:/Godot Projects/one-gun/artifacts/deep_audit_20260906/player_v2_captures
ERROR: 39 RID allocations of type 'N10RendererRD14TextureStorage7TextureE' were leaked at exit.
ERROR: 2 RID allocations of type 'PN18TextServerAdvanced12FontAdvancedE' were leaked at exit.
WARNING: 2 RIDs of type "CanvasItem" were leaked.
   at: _free_rids (servers/rendering/renderer_canvas_cull.cpp:2735)
WARNING: 39 RIDs of type "Texture" were leaked.
   at: finalize (servers/rendering/rendering_device.cpp:8900)
WARNING: 92 ObjectDB instances were leaked at exit (run with `--verbose` for details).
   at: cleanup (core/object/object.cpp:2536)
ERROR: 2 resources still in use at exit (run with --verbose for details).
   at: clear (core/io/resource.cpp:822)
