Godot Engine v4.7.1.stable.official.a13da4feb - https://godotengine.org

RESOURCE_AUDIT_PROGRESS 25
RESOURCE_AUDIT_PROGRESS 50
RESOURCE_AUDIT_PROGRESS 75
SCRIPT ERROR: Parse Error: Could not find base class "Terrain3D".
   at: GDScript::reload (res://addons/terrain_3d/tools/importer.gd:4)
   GDScript backtrace (most recent call first):
       [0] _run (res://artifacts/deep_audit_20260906/resource_audit.gd:8)
ERROR: Failed to load script "res://addons/terrain_3d/tools/importer.gd" with error "Parse error".
   at: load (modules/gdscript/gdscript_resource_format.cpp:46)
   GDScript backtrace (most recent call first):
       [0] _run (res://artifacts/deep_audit_20260906/resource_audit.gd:8)
ERROR: Cannot get class 'Terrain3DMaterial'.
   at: _instantiate_internal (core/object/class_db.cpp:587)
   GDScript backtrace (most recent call first):
       [0] _run (res://artifacts/deep_audit_20260906/resource_audit.gd:8)
ERROR: res://addons/terrain_3d/tools/importer.tscn:26 - Parse Error: Can't create sub resource of type 'Terrain3DMaterial'.
   at: _printerr (scene/resources/resource_format_text.cpp:41)
   GDScript backtrace (most recent call first):
       [0] _run (res://artifacts/deep_audit_20260906/resource_audit.gd:8)
ERROR: Failed loading resource: res://addons/terrain_3d/tools/importer.tscn.
   at: _load (core/io/resource_loader.cpp:317)
   GDScript backtrace (most recent call first):
       [0] _run (res://artifacts/deep_audit_20260906/resource_audit.gd:8)
RESOURCE_AUDIT_PROGRESS 100
SCRIPT ERROR: Parse Error: Could not find type "Terrain3DEditor" in the current scope.
   at: GDScript::reload (res://addons/terrain_3d/src/asset_dock_45.gd:293)
   GDScript backtrace (most recent call first):
       [0] _run (res://artifacts/deep_audit_20260906/resource_audit.gd:8)
SCRIPT ERROR: Parse Error: Could not find type "Terrain3DEditor" in the current scope.
   at: GDScript::reload (res://addons/terrain_3d/src/asset_dock_45.gd:293)
   GDScript backtrace (most recent call first):
       [0] _run (res://artifacts/deep_audit_20260906/resource_audit.gd:8)
SCRIPT ERROR: Parse Error: Identifier "Terrain3DAssets" not declared in the current scope.
   at: GDScript::reload (res://addons/terrain_3d/src/asset_dock_45.gd:437)
   GDScript backtrace (most recent call first):
       [0] _run (res://artifacts/deep_audit_20260906/resource_audit.gd:8)
SCRIPT ERROR: Parse Error: Cannot infer the type of "type" variable because the value doesn't have a set type.
   at: GDScript::reload (res://addons/terrain_3d/src/asset_dock_45.gd:437)
   GDScript backtrace (most recent call first):
       [0] _run (res://artifacts/deep_audit_20260906/resource_audit.gd:8)
SCRIPT ERROR: Parse Error: Could not find type "Terrain3DAssets" in the current scope.
   at: GDScript::reload (res://addons/terrain_3d/src/asset_dock_45.gd:490)
   GDScript backtrace (most recent call first):
       [0] _run (res://artifacts/deep_audit_20260906/resource_audit.gd:8)
SCRIPT ERROR: Parse Error: Could not find type "Terrain3DAssets" in the current scope.
   at: GDScript::reload (res://addons/terrain_3d/src/asset_dock_45.gd:517)
   GDScript backtrace (most recent call first):
       [0] _run (res://artifacts/deep_audit_20260906/resource_audit.gd:8)
SCRIPT ERROR: Parse Error: Identifier "Terrain3DAssets" not declared in the current scope.
   at: GDScript::reload (res://addons/terrain_3d/src/asset_dock_45.gd:645)
   GDScript backtrace (most recent call first):
       [0] _run (res://artifacts/deep_audit_20260906/resource_audit.gd:8)
SCRIPT ERROR: Parse Error: Cannot infer the type of "type" variable because the value doesn't have a set type.
   at: GDScript::reload (res://addons/terrain_3d/src/asset_dock_45.gd:645)
   GDScript backtrace (most recent call first):
       [0] _run (res://artifacts/deep_audit_20260906/resource_audit.gd:8)
SCRIPT ERROR: Parse Error: Could not find type "Terrain3DAssets" in the current scope.
   at: GDScript::reload (res://addons/terrain_3d/src/asset_dock_45.gd:650)
   GDScript backtrace (most recent call first):
       [0] _run (res://artifacts/deep_audit_20260906/resource_audit.gd:8)
SCRIPT ERROR: Parse Error: Identifier "Terrain3DAssets" not declared in the current scope.
   at: GDScript::reload (res://addons/terrain_3d/src/asset_dock_45.gd:83)
   GDScript backtrace (most recent call first):
       [0] _run (res://artifacts/deep_audit_20260906/resource_audit.gd:8)
SCRIPT ERROR: Parse Error: Identifier "Terrain3DAssets" not declared in the current scope.
   at: GDScript::reload (res://addons/terrain_3d/src/asset_dock_45.gd:87)
   GDScript backtrace (most recent call first):
       [0] _run (res://artifacts/deep_audit_20260906/resource_audit.gd:8)
SCRIPT ERROR: Parse Error: Identifier "Terrain3DAssets" not declared in the current scope.
   at: GDScript::reload (res://addons/terrain_3d/src/asset_dock_45.gd:241)
   GDScript backtrace (most recent call first):
       [0] _run (res://artifacts/deep_audit_20260906/resource_audit.gd:8)
SCRIPT ERROR: Parse Error: Identifier "Terrain3DEditor" not declared in the current scope.
   at: GDScript::reload (res://addons/terrain_3d/src/asset_dock_45.gd:294)
   GDScript backtrace (most recent call first):
       [0] _run (res://artifacts/deep_audit_20260906/resource_audit.gd:8)
SCRIPT ERROR: Parse Error: Identifier "Terrain3DEditor" not declared in the current scope.
   at: GDScript::reload (res://addons/terrain_3d/src/asset_dock_45.gd:296)
   GDScript backtrace (most recent call first):
       [0] _run (res://artifacts/deep_audit_20260906/resource_audit.gd:8)
SCRIPT ERROR: Parse Error: Identifier "Terrain3DEditor" not declared in the current scope.
   at: GDScript::reload (res://addons/terrain_3d/src/asset_dock_45.gd:296)
   GDScript backtrace (most recent call first):
       [0] _run (res://artifacts/deep_audit_20260906/resource_audit.gd:8)
SCRIPT ERROR: Parse Error: Identifier "Terrain3DEditor" not declared in the current scope.
   at: GDScript::reload (res://addons/terrain_3d/src/asset_dock_45.gd:296)
   GDScript backtrace (most recent call first):
       [0] _run (res://artifacts/deep_audit_20260906/resource_audit.gd:8)
SCRIPT ERROR: Parse Error: Could not find type "Terrain3D" in the current scope.
   at: GDScript::reload (res://addons/terrain_3d/src/asset_dock_45.gd:461)
   GDScript backtrace (most recent call first):
       [0] _run (res://artifacts/deep_audit_20260906/resource_audit.gd:8)
SCRIPT ERROR: Parse Error: Identifier "Terrain3DAssets" not declared in the current scope.
   at: GDScript::reload (res://addons/terrain_3d/src/asset_dock_45.gd:472)
   GDScript backtrace (most recent call first):
       [0] _run (res://artifacts/deep_audit_20260906/resource_audit.gd:8)
SCRIPT ERROR: Parse Error: Could not find type "Terrain3DTextureAsset" in the current scope.
   at: GDScript::reload (res://addons/terrain_3d/src/asset_dock_45.gd:475)
   GDScript backtrace (most recent call first):
       [0] _run (res://artifacts/deep_audit_20260906/resource_audit.gd:8)
SCRIPT ERROR: Parse Error: Identifier "Terrain3DAssets" not declared in the current scope.
   at: GDScript::reload (res://addons/terrain_3d/src/asset_dock_45.gd:477)
   GDScript backtrace (most recent call first):
       [0] _run (res://artifacts/deep_audit_20260906/resource_audit.gd:8)
SCRIPT ERROR: Parse Error: Could not find type "Terrain3DMeshAsset" in the current scope.
   at: GDScript::reload (res://addons/terrain_3d/src/asset_dock_45.gd:482)
   GDScript backtrace (most recent call first):
       [0] _run (res://artifacts/deep_audit_20260906/resource_audit.gd:8)
SCRIPT ERROR: Parse Error: Identifier "Terrain3DAssets" not declared in the current scope.
   at: GDScript::reload (res://addons/terrain_3d/src/asset_dock_45.gd:484)
   GDScript backtrace (most recent call first):
       [0] _run (res://artifacts/deep_audit_20260906/resource_audit.gd:8)
SCRIPT ERROR: Parse Error: Identifier "Terrain3DAssets" not declared in the current scope.
   at: GDScript::reload (res://addons/terrain_3d/src/asset_dock_45.gd:512)
   GDScript backtrace (most recent call first):
       [0] _run (res://artifacts/deep_audit_20260906/resource_audit.gd:8)
SCRIPT ERROR: Parse Error: Identifier "Terrain3DAssets" not declared in the current scope.
   at: GDScript::reload (res://addons/terrain_3d/src/asset_dock_45.gd:531)
   GDScript backtrace (most recent call first):
       [0] _run (res://artifacts/deep_audit_20260906/resource_audit.gd:8)
SCRIPT ERROR: Parse Error: Identifier "Terrain3DEditor" not declared in the current scope.
   at: GDScript::reload (res://addons/terrain_3d/src/asset_dock_45.gd:532)
   GDScript backtrace (most recent call first):
       [0] _run (res://artifacts/deep_audit_20260906/resource_audit.gd:8)
SCRIPT ERROR: Parse Error: Identifier "Terrain3DEditor" not declared in the current scope.
   at: GDScript::reload (res://addons/terrain_3d/src/asset_dock_45.gd:532)
   GDScript backtrace (most recent call first):
       [0] _run (res://artifacts/deep_audit_20260906/resource_audit.gd:8)
SCRIPT ERROR: Parse Error: Identifier "Terrain3DEditor" not declared in the current scope.
   at: GDScript::reload (res://addons/terrain_3d/src/asset_dock_45.gd:532)
   GDScript backtrace (most recent call first):
       [0] _run (res://artifacts/deep_audit_20260906/resource_audit.gd:8)
SCRIPT ERROR: Parse Error: Identifier "Terrain3DEditor" not declared in the current scope.
   at: GDScript::reload (res://addons/terrain_3d/src/asset_dock_45.gd:536)
   GDScript backtrace (most recent call first):
       [0] _run (res://artifacts/deep_audit_20260906/resource_audit.gd:8)
SCRIPT ERROR: Parse Error: Identifier "Terrain3DEditor" not declared in the current scope.
   at: GDScript::reload (res://addons/terrain_3d/src/asset_dock_45.gd:536)
   GDScript backtrace (most recent call first):
       [0] _run (res://artifacts/deep_audit_20260906/resource_audit.gd:8)
SCRIPT ERROR: Parse Error: Identifier "Terrain3DAssets" not declared in the current scope.
   at: GDScript::reload (res://addons/terrain_3d/src/asset_dock_45.gd:538)
   GDScript backtrace (most recent call first):
       [0] _run (res://artifacts/deep_audit_20260906/resource_audit.gd:8)
SCRIPT ERROR: Parse Error: Identifier "Terrain3DEditor" not declared in the current scope.
   at: GDScript::reload (res://addons/terrain_3d/src/asset_dock_45.gd:538)
   GDScript backtrace (most recent call first):
       [0] _run (res://artifacts/deep_audit_20260906/resource_audit.gd:8)
SCRIPT ERROR: Parse Error: Identifier "Terrain3DEditor" not declared in the current scope.
   at: GDScript::reload (res://addons/terrain_3d/src/asset_dock_45.gd:542)
   GDScript backtrace (most recent call first):
       [0] _run (res://artifacts/deep_audit_20260906/resource_audit.gd:8)
SCRIPT ERROR: Parse Error: Identifier "Terrain3DEditor" not declared in the current scope.
   at: GDScript::reload (res://addons/terrain_3d/src/asset_dock_45.gd:542)
   GDScript backtrace (most recent call first):
       [0] _run (res://artifacts/deep_audit_20260906/resource_audit.gd:8)
SCRIPT ERROR: Parse Error: Identifier "Terrain3DAssets" not declared in the current scope.
   at: GDScript::reload (res://addons/terrain_3d/src/asset_dock_45.gd:556)
   GDScript backtrace (most recent call first):
       [0] _run (res://artifacts/deep_audit_20260906/resource_audit.gd:8)
SCRIPT ERROR: Parse Error: Identifier "Terrain3DAssets" not declared in the current scope.
   at: GDScript::reload (res://addons/terrain_3d/src/asset_dock_45.gd:571)
   GDScript backtrace (most recent call first):
       [0] _run (res://artifacts/deep_audit_20260906/resource_audit.gd:8)
SCRIPT ERROR: Parse Error: Identifier "Terrain3DAssets" not declared in the current scope.
   at: GDScript::reload (res://addons/terrain_3d/src/asset_dock_45.gd:689)
   GDScript backtrace (most recent call first):
       [0] _run (res://artifacts/deep_audit_20260906/resource_audit.gd:8)
SCRIPT ERROR: Parse Error: Identifier "Terrain3DAssets" not declared in the current scope.
   at: GDScript::reload (res://addons/terrain_3d/src/asset_dock_45.gd:735)
   GDScript backtrace (most recent call first):
       [0] _run (res://artifacts/deep_audit_20260906/resource_audit.gd:8)
SCRIPT ERROR: Parse Error: Identifier "Terrain3DAssets" not declared in the current scope.
   at: GDScript::reload (res://addons/terrain_3d/src/asset_dock_45.gd:745)
   GDScript backtrace (most recent call first):
       [0] _run (res://artifacts/deep_audit_20260906/resource_audit.gd:8)
SCRIPT ERROR: Parse Error: Identifier "Terrain3DAssets" not declared in the current scope.
   at: GDScript::reload (res://addons/terrain_3d/src/asset_dock_45.gd:752)
   GDScript backtrace (most recent call first):
       [0] _run (res://artifacts/deep_audit_20260906/resource_audit.gd:8)
SCRIPT ERROR: Parse Error: Could not find type "Terrain3DTextureAsset" in the current scope.
   at: GDScript::reload (res://addons/terrain_3d/src/asset_dock_45.gd:753)
   GDScript backtrace (most recent call first):
       [0] _run (res://artifacts/deep_audit_20260906/resource_audit.gd:8)
SCRIPT ERROR: Parse Error: Could not find type "Terrain3DMeshAsset" in the current scope.
   at: GDScript::reload (res://addons/terrain_3d/src/asset_dock_45.gd:760)
   GDScript backtrace (most recent call first):
       [0] _run (res://artifacts/deep_audit_20260906/resource_audit.gd:8)
SCRIPT ERROR: Parse Error: Could not find type "Terrain3DMeshAsset" in the current scope.
   at: GDScript::reload (res://addons/terrain_3d/src/asset_dock_45.gd:761)
   GDScript backtrace (most recent call first):
       [0] _run (res://artifacts/deep_audit_20260906/resource_audit.gd:8)
SCRIPT ERROR: Parse Error: Identifier "Terrain3DAssets" not declared in the current scope.
   at: GDScript::reload (res://addons/terrain_3d/src/asset_dock_45.gd:795)
   GDScript backtrace (most recent call first):
       [0] _run (res://artifacts/deep_audit_20260906/resource_audit.gd:8)
SCRIPT ERROR: Parse Error: Identifier "Terrain3DTextureAsset" not declared in the current scope.
   at: GDScript::reload (res://addons/terrain_3d/src/asset_dock_45.gd:796)
   GDScript backtrace (most recent call first):
       [0] _run (res://artifacts/deep_audit_20260906/resource_audit.gd:8)
SCRIPT ERROR: Parse Error: Identifier "Terrain3DMeshAsset" not declared in the current scope.
   at: GDScript::reload (res://addons/terrain_3d/src/asset_dock_45.gd:798)
   GDScript backtrace (most recent call first):
       [0] _run (res://artifacts/deep_audit_20260906/resource_audit.gd:8)
SCRIPT ERROR: Parse Error: Identifier "Terrain3DAssets" not declared in the current scope.
   at: GDScript::reload (res://addons/terrain_3d/src/asset_dock_45.gd:822)
   GDScript backtrace (most recent call first):
       [0] _run (res://artifacts/deep_audit_20260906/resource_audit.gd:8)
SCRIPT ERROR: Parse Error: Identifier "Terrain3DTextureAsset" not declared in the current scope.
   at: GDScript::reload (res://addons/terrain_3d/src/asset_dock_45.gd:823)
   GDScript backtrace (most recent call first):
       [0] _run (res://artifacts/deep_audit_20260906/resource_audit.gd:8)
SCRIPT ERROR: Parse Error: Cannot infer the type of "ta" variable because the value doesn't have a set type.
   at: GDScript::reload (res://addons/terrain_3d/src/asset_dock_45.gd:823)
   GDScript backtrace (most recent call first):
       [0] _run (res://artifacts/deep_audit_20260906/resource_audit.gd:8)
SCRIPT ERROR: Parse Error: Could not find type "Terrain3DTextureAsset" in the current scope.
   at: GDScript::reload (res://addons/terrain_3d/src/asset_dock_45.gd:824)
   GDScript backtrace (most recent call first):
       [0] _run (res://artifacts/deep_audit_20260906/resource_audit.gd:8)
SCRIPT ERROR: Parse Error: Could not find type "Terrain3DTextureAsset" in the current scope.
   at: GDScript::reload (res://addons/terrain_3d/src/asset_dock_45.gd:829)
   GDScript backtrace (most recent call first):
       [0] _run (res://artifacts/deep_audit_20260906/resource_audit.gd:8)
SCRIPT ERROR: Parse Error: Identifier "Terrain3DAssets" not declared in the current scope.
   at: GDScript::reload (res://addons/terrain_3d/src/asset_dock_45.gd:829)
   GDScript backtrace (most recent call first):
       [0] _run (res://artifacts/deep_audit_20260906/resource_audit.gd:8)
SCRIPT ERROR: Parse Error: Could not find type "Terrain3DTextureAsset" in the current scope.
   at: GDScript::reload (res://addons/terrain_3d/src/asset_dock_45.gd:830)
   GDScript backtrace (most recent call first):
       [0] _run (res://artifacts/deep_audit_20260906/resource_audit.gd:8)
SCRIPT ERROR: Parse Error: Identifier "Terrain3DAssets" not declared in the current scope.
   at: GDScript::reload (res://addons/terrain_3d/src/asset_dock_45.gd:833)
   GDScript backtrace (most recent call first):
       [0] _run (res://artifacts/deep_audit_20260906/resource_audit.gd:8)
SCRIPT ERROR: Parse Error: Identifier "Terrain3DMeshAsset" not declared in the current scope.
   at: GDScript::reload (res://addons/terrain_3d/src/asset_dock_45.gd:834)
   GDScript backtrace (most recent call first):
       [0] _run (res://artifacts/deep_audit_20260906/resource_audit.gd:8)
SCRIPT ERROR: Parse Error: Cannot infer the type of "ma" variable because the value doesn't have a set type.
   at: GDScript::reload (res://addons/terrain_3d/src/asset_dock_45.gd:834)
   GDScript backtrace (most recent call first):
       [0] _run (res://artifacts/deep_audit_20260906/resource_audit.gd:8)
SCRIPT ERROR: Parse Error: Could not find type "Terrain3DMeshAsset" in the current scope.
   at: GDScript::reload (res://addons/terrain_3d/src/asset_dock_45.gd:835)
   GDScript backtrace (most recent call first):
       [0] _run (res://artifacts/deep_audit_20260906/resource_audit.gd:8)
SCRIPT ERROR: Parse Error: Could not find type "Terrain3DMeshAsset" in the current scope.
   at: GDScript::reload (res://addons/terrain_3d/src/asset_dock_45.gd:840)
   GDScript backtrace (most recent call first):
       [0] _run (res://artifacts/deep_audit_20260906/resource_audit.gd:8)
SCRIPT ERROR: Parse Error: Identifier "Terrain3DAssets" not declared in the current scope.
   at: GDScript::reload (res://addons/terrain_3d/src/asset_dock_45.gd:840)
   GDScript backtrace (most recent call first):
       [0] _run (res://artifacts/deep_audit_20260906/resource_audit.gd:8)
SCRIPT ERROR: Parse Error: Could not find type "Terrain3DMeshAsset" in the current scope.
   at: GDScript::reload (res://addons/terrain_3d/src/asset_dock_45.gd:841)
   GDScript backtrace (most recent call first):
       [0] _run (res://artifacts/deep_audit_20260906/resource_audit.gd:8)
SCRIPT ERROR: Parse Error: Could not find type "Terrain3DMeshAsset" in the current scope.
   at: GDScript::reload (res://addons/terrain_3d/src/asset_dock_45.gd:854)
   GDScript backtrace (most recent call first):
       [0] _run (res://artifacts/deep_audit_20260906/resource_audit.gd:8)
SCRIPT ERROR: Parse Error: Could not find type "Terrain3DMeshAsset" in the current scope.
   at: GDScript::reload (res://addons/terrain_3d/src/asset_dock_45.gd:886)
   GDScript backtrace (most recent call first):
       [0] _run (res://artifacts/deep_audit_20260906/resource_audit.gd:8)
ERROR: Failed to load script "res://addons/terrain_3d/src/asset_dock_45.gd" with error "Parse error".
   at: load (modules/gdscript/gdscript_resource_format.cpp:46)
   GDScript backtrace (most recent call first):
       [0] _run (res://artifacts/deep_audit_20260906/resource_audit.gd:8)
SCRIPT ERROR: Parse Error: Could not find type "Terrain3DEditor" in the current scope.
   at: GDScript::reload (res://addons/terrain_3d/src/asset_dock.gd:296)
   GDScript backtrace (most recent call first):
       [0] _run (res://artifacts/deep_audit_20260906/resource_audit.gd:8)
SCRIPT ERROR: Parse Error: Could not find type "Terrain3DEditor" in the current scope.
   at: GDScript::reload (res://addons/terrain_3d/src/asset_dock.gd:296)
   GDScript backtrace (most recent call first):
       [0] _run (res://artifacts/deep_audit_20260906/resource_audit.gd:8)
SCRIPT ERROR: Parse Error: Identifier "Terrain3DAssets" not declared in the current scope.
   at: GDScript::reload (res://addons/terrain_3d/src/asset_dock.gd:356)
   GDScript backtrace (most recent call first):
       [0] _run (res://artifacts/deep_audit_20260906/resource_audit.gd:8)
SCRIPT ERROR: Parse Error: Cannot infer the type of "type" variable because the value doesn't have a set type.
   at: GDScript::reload (res://addons/terrain_3d/src/asset_dock.gd:356)
   GDScript backtrace (most recent call first):
       [0] _run (res://artifacts/deep_audit_20260906/resource_audit.gd:8)
SCRIPT ERROR: Parse Error: Could not find type "Terrain3DAssets" in the current scope.
   at: GDScript::reload (res://addons/terrain_3d/src/asset_dock.gd:438)
   GDScript backtrace (most recent call first):
       [0] _run (res://artifacts/deep_audit_20260906/resource_audit.gd:8)
SCRIPT ERROR: Parse Error: Identifier "Terrain3DAssets" not declared in the current scope.
   at: GDScript::reload (res://addons/terrain_3d/src/asset_dock.gd:579)
   GDScript backtrace (most recent call first):
       [0] _run (res://artifacts/deep_audit_20260906/resource_audit.gd:8)
SCRIPT ERROR: Parse Error: Cannot infer the type of "type" variable because the value doesn't have a set type.
   at: GDScript::reload (res://addons/terrain_3d/src/asset_dock.gd:579)
   GDScript backtrace (most recent call first):
       [0] _run (res://artifacts/deep_audit_20260906/resource_audit.gd:8)
SCRIPT ERROR: Parse Error: Identifier "Terrain3DAssets" not declared in the current scope.
   at: GDScript::reload (res://addons/terrain_3d/src/asset_dock.gd:82)
   GDScript backtrace (most recent call first):
       [0] _run (res://artifacts/deep_audit_20260906/resource_audit.gd:8)
SCRIPT ERROR: Parse Error: Identifier "Terrain3DAssets" not declared in the current scope.
   at: GDScript::reload (res://addons/terrain_3d/src/asset_dock.gd:87)
   GDScript backtrace (most recent call first):
       [0] _run (res://artifacts/deep_audit_20260906/resource_audit.gd:8)
SCRIPT ERROR: Parse Error: Identifier "Terrain3DEditor" not declared in the current scope.
   at: GDScript::reload (res://addons/terrain_3d/src/asset_dock.gd:299)
   GDScript backtrace (most recent call first):
       [0] _run (res://artifacts/deep_audit_20260906/resource_audit.gd:8)
SCRIPT ERROR: Parse Error: Identifier "Terrain3DEditor" not declared in the current scope.
   at: GDScript::reload (res://addons/terrain_3d/src/asset_dock.gd:301)
   GDScript backtrace (most recent call first):
       [0] _run (res://artifacts/deep_audit_20260906/resource_audit.gd:8)
SCRIPT ERROR: Parse Error: Identifier "Terrain3DEditor" not declared in the current scope.
   at: GDScript::reload (res://addons/terrain_3d/src/asset_dock.gd:301)
   GDScript backtrace (most recent call first):
       [0] _run (res://artifacts/deep_audit_20260906/resource_audit.gd:8)
SCRIPT ERROR: Parse Error: Identifier "Terrain3DEditor" not declared in the current scope.
   at: GDScript::reload (res://addons/terrain_3d/src/asset_dock.gd:301)
   GDScript backtrace (most recent call first):
       [0] _run (res://artifacts/deep_audit_20260906/resource_audit.gd:8)
SCRIPT ERROR: Parse Error: Could not find type "Terrain3D" in the current scope.
   at: GDScript::reload (res://addons/terrain_3d/src/asset_dock.gd:388)
   GDScript backtrace (most recent call first):
       [0] _run (res://artifacts/deep_audit_20260906/resource_audit.gd:8)
SCRIPT ERROR: Parse Error: Identifier "Terrain3DAssets" not declared in the current scope.
   at: GDScript::reload (res://addons/terrain_3d/src/asset_dock.gd:392)
   GDScript backtrace (most recent call first):
       [0] _run (res://artifacts/deep_audit_20260906/resource_audit.gd:8)
SCRIPT ERROR: Parse Error: Could not find type "Terrain3DTextureAsset" in the current scope.
   at: GDScript::reload (res://addons/terrain_3d/src/asset_dock.gd:395)
   GDScript backtrace (most recent call first):
       [0] _run (res://artifacts/deep_audit_20260906/resource_audit.gd:8)
SCRIPT ERROR: Parse Error: Identifier "Terrain3DAssets" not declared in the current scope.
   at: GDScript::reload (res://addons/terrain_3d/src/asset_dock.gd:397)
   GDScript backtrace (most recent call first):
       [0] _run (res://artifacts/deep_audit_20260906/resource_audit.gd:8)
SCRIPT ERROR: Parse Error: Could not find type "Terrain3DMeshAsset" in the current scope.
   at: GDScript::reload (res://addons/terrain_3d/src/asset_dock.gd:404)
   GDScript backtrace (most recent call first):
       [0] _run (res://artifacts/deep_audit_20260906/resource_audit.gd:8)
SCRIPT ERROR: Parse Error: Identifier "Terrain3DAssets" not declared in the current scope.
   at: GDScript::reload (res://addons/terrain_3d/src/asset_dock.gd:406)
   GDScript backtrace (most recent call first):
       [0] _run (res://artifacts/deep_audit_20260906/resource_audit.gd:8)
SCRIPT ERROR: Parse Error: Identifier "Terrain3DAssets" not declared in the current scope.
   at: GDScript::reload (res://addons/terrain_3d/src/asset_dock.gd:433)
   GDScript backtrace (most recent call first):
       [0] _run (res://artifacts/deep_audit_20260906/resource_audit.gd:8)
SCRIPT ERROR: Parse Error: Identifier "Terrain3DAssets" not declared in the current scope.
   at: GDScript::reload (res://addons/terrain_3d/src/asset_dock.gd:446)
   GDScript backtrace (most recent call first):
       [0] _run (res://artifacts/deep_audit_20260906/resource_audit.gd:8)
SCRIPT ERROR: Parse Error: Identifier "Terrain3DEditor" not declared in the current scope.
   at: GDScript::reload (res://addons/terrain_3d/src/asset_dock.gd:447)
   GDScript backtrace (most recent call first):
       [0] _run (res://artifacts/deep_audit_20260906/resource_audit.gd:8)
SCRIPT ERROR: Parse Error: Identifier "Terrain3DEditor" not declared in the current scope.
   at: GDScript::reload (res://addons/terrain_3d/src/asset_dock.gd:447)
   GDScript backtrace (most recent call first):
       [0] _run (res://artifacts/deep_audit_20260906/resource_audit.gd:8)
SCRIPT ERROR: Parse Error: Identifier "Terrain3DEditor" not declared in the current scope.
   at: GDScript::reload (res://addons/terrain_3d/src/asset_dock.gd:447)
   GDScript backtrace (most recent call first):
       [0] _run (res://artifacts/deep_audit_20260906/resource_audit.gd:8)
SCRIPT ERROR: Parse Error: Identifier "Terrain3DEditor" not declared in the current scope.
   at: GDScript::reload (res://addons/terrain_3d/src/asset_dock.gd:451)
   GDScript backtrace (most recent call first):
       [0] _run (res://artifacts/deep_audit_20260906/resource_audit.gd:8)
SCRIPT ERROR: Parse Error: Identifier "Terrain3DEditor" not declared in the current scope.
   at: GDScript::reload (res://addons/terrain_3d/src/asset_dock.gd:451)
   GDScript backtrace (most recent call first):
       [0] _run (res://artifacts/deep_audit_20260906/resource_audit.gd:8)
SCRIPT ERROR: Parse Error: Identifier "Terrain3DAssets" not declared in the current scope.
   at: GDScript::reload (res://addons/terrain_3d/src/asset_dock.gd:452)
   GDScript backtrace (most recent call first):
       [0] _run (res://artifacts/deep_audit_20260906/resource_audit.gd:8)
SCRIPT ERROR: Parse Error: Identifier "Terrain3DEditor" not declared in the current scope.
   at: GDScript::reload (res://addons/terrain_3d/src/asset_dock.gd:452)
   GDScript backtrace (most recent call first):
       [0] _run (res://artifacts/deep_audit_20260906/resource_audit.gd:8)
SCRIPT ERROR: Parse Error: Identifier "Terrain3DEditor" not declared in the current scope.
   at: GDScript::reload (res://addons/terrain_3d/src/asset_dock.gd:456)
   GDScript backtrace (most recent call first):
       [0] _run (res://artifacts/deep_audit_20260906/resource_audit.gd:8)
SCRIPT ERROR: Parse Error: Identifier "Terrain3DEditor" not declared in the current scope.
   at: GDScript::reload (res://addons/terrain_3d/src/asset_dock.gd:456)
   GDScript backtrace (most recent call first):
       [0] _run (res://artifacts/deep_audit_20260906/resource_audit.gd:8)
SCRIPT ERROR: Parse Error: Identifier "Terrain3DAssets" not declared in the current scope.
   at: GDScript::reload (res://addons/terrain_3d/src/asset_dock.gd:483)
   GDScript backtrace (most recent call first):
       [0] _run (res://artifacts/deep_audit_20260906/resource_audit.gd:8)
SCRIPT ERROR: Parse Error: Could not find type "Terrain3DMeshAsset" in the current scope.
   at: GDScript::reload (res://addons/terrain_3d/src/asset_dock.gd:484)
   GDScript backtrace (most recent call first):
       [0] _run (res://artifacts/deep_audit_20260906/resource_audit.gd:8)
SCRIPT ERROR: Parse Error: Could not find type "Terrain3DTextureAsset" in the current scope.
   at: GDScript::reload (res://addons/terrain_3d/src/asset_dock.gd:486)
   GDScript backtrace (most recent call first):
       [0] _run (res://artifacts/deep_audit_20260906/resource_audit.gd:8)
SCRIPT ERROR: Parse Error: Identifier "Terrain3DAssets" not declared in the current scope.
   at: GDScript::reload (res://addons/terrain_3d/src/asset_dock.gd:502)
   GDScript backtrace (most recent call first):
       [0] _run (res://artifacts/deep_audit_20260906/resource_audit.gd:8)
SCRIPT ERROR: Parse Error: Identifier "Terrain3DAssets" not declared in the current scope.
   at: GDScript::reload (res://addons/terrain_3d/src/asset_dock.gd:518)
   GDScript backtrace (most recent call first):
       [0] _run (res://artifacts/deep_audit_20260906/resource_audit.gd:8)
SCRIPT ERROR: Parse Error: Identifier "Terrain3DAssets" not declared in the current scope.
   at: GDScript::reload (res://addons/terrain_3d/src/asset_dock.gd:631)
   GDScript backtrace (most recent call first):
       [0] _run (res://artifacts/deep_audit_20260906/resource_audit.gd:8)
SCRIPT ERROR: Parse Error: Could not find type "Terrain3DMeshAsset" in the current scope.
   at: GDScript::reload (res://addons/terrain_3d/src/asset_dock.gd:689)
   GDScript backtrace (most recent call first):
       [0] _run (res://artifacts/deep_audit_20260906/resource_audit.gd:8)
SCRIPT ERROR: Parse Error: Could not find type "Terrain3DMeshAsset" in the current scope.
   at: GDScript::reload (res://addons/terrain_3d/src/asset_dock.gd:690)
   GDScript backtrace (most recent call first):
       [0] _run (res://artifacts/deep_audit_20260906/resource_audit.gd:8)
SCRIPT ERROR: Parse Error: Could not find type "Terrain3DTextureAsset" in the current scope.
   at: GDScript::reload (res://addons/terrain_3d/src/asset_dock.gd:691)
   GDScript backtrace (most recent call first):
       [0] _run (res://artifacts/deep_audit_20260906/resource_audit.gd:8)
SCRIPT ERROR: Parse Error: Could not find type "Terrain3DTextureAsset" in the current scope.
   at: GDScript::reload (res://addons/terrain_3d/src/asset_dock.gd:692)
   GDScript backtrace (most recent call first):
       [0] _run (res://artifacts/deep_audit_20260906/resource_audit.gd:8)
SCRIPT ERROR: Parse Error: Identifier "Terrain3DAssets" not declared in the current scope.
   at: GDScript::reload (res://addons/terrain_3d/src/asset_dock.gd:720)
   GDScript backtrace (most recent call first):
       [0] _run (res://artifacts/deep_audit_20260906/resource_audit.gd:8)
SCRIPT ERROR: Parse Error: Identifier "Terrain3DAssets" not declared in the current scope.
   at: GDScript::reload (res://addons/terrain_3d/src/asset_dock.gd:726)
   GDScript backtrace (most recent call first):
       [0] _run (res://artifacts/deep_audit_20260906/resource_audit.gd:8)
SCRIPT ERROR: Parse Error: Identifier "Terrain3DAssets" not declared in the current scope.
   at: GDScript::reload (res://addons/terrain_3d/src/asset_dock.gd:735)
   GDScript backtrace (most recent call first):
       [0] _run (res://artifacts/deep_audit_20260906/resource_audit.gd:8)
SCRIPT ERROR: Parse Error: Identifier "Terrain3DAssets" not declared in the current scope.
   at: GDScript::reload (res://addons/terrain_3d/src/asset_dock.gd:769)
   GDScript backtrace (most recent call first):
       [0] _run (res://artifacts/deep_audit_20260906/resource_audit.gd:8)
SCRIPT ERROR: Parse Error: Identifier "Terrain3DTextureAsset" not declared in the current scope.
   at: GDScript::reload (res://addons/terrain_3d/src/asset_dock.gd:770)
   GDScript backtrace (most recent call first):
       [0] _run (res://artifacts/deep_audit_20260906/resource_audit.gd:8)
SCRIPT ERROR: Parse Error: Identifier "Terrain3DMeshAsset" not declared in the current scope.
   at: GDScript::reload (res://addons/terrain_3d/src/asset_dock.gd:772)
   GDScript backtrace (most recent call first):
       [0] _run (res://artifacts/deep_audit_20260906/resource_audit.gd:8)
SCRIPT ERROR: Parse Error: Identifier "Terrain3DAssets" not declared in the current scope.
   at: GDScript::reload (res://addons/terrain_3d/src/asset_dock.gd:796)
   GDScript backtrace (most recent call first):
       [0] _run (res://artifacts/deep_audit_20260906/resource_audit.gd:8)
SCRIPT ERROR: Parse Error: Identifier "Terrain3DTextureAsset" not declared in the current scope.
   at: GDScript::reload (res://addons/terrain_3d/src/asset_dock.gd:797)
   GDScript backtrace (most recent call first):
       [0] _run (res://artifacts/deep_audit_20260906/resource_audit.gd:8)
SCRIPT ERROR: Parse Error: Cannot infer the type of "ta" variable because the value doesn't have a set type.
   at: GDScript::reload (res://addons/terrain_3d/src/asset_dock.gd:797)
   GDScript backtrace (most recent call first):
       [0] _run (res://artifacts/deep_audit_20260906/resource_audit.gd:8)
SCRIPT ERROR: Parse Error: Could not find type "Terrain3DTextureAsset" in the current scope.
   at: GDScript::reload (res://addons/terrain_3d/src/asset_dock.gd:798)
   GDScript backtrace (most recent call first):
       [0] _run (res://artifacts/deep_audit_20260906/resource_audit.gd:8)
SCRIPT ERROR: Parse Error: Could not find type "Terrain3DTextureAsset" in the current scope.
   at: GDScript::reload (res://addons/terrain_3d/src/asset_dock.gd:803)
   GDScript backtrace (most recent call first):
       [0] _run (res://artifacts/deep_audit_20260906/resource_audit.gd:8)
SCRIPT ERROR: Parse Error: Identifier "Terrain3DAssets" not declared in the current scope.
   at: GDScript::reload (res://addons/terrain_3d/src/asset_dock.gd:803)
   GDScript backtrace (most recent call first):
       [0] _run (res://artifacts/deep_audit_20260906/resource_audit.gd:8)
SCRIPT ERROR: Parse Error: Could not find type "Terrain3DTextureAsset" in the current scope.
   at: GDScript::reload (res://addons/terrain_3d/src/asset_dock.gd:804)
   GDScript backtrace (most recent call first):
       [0] _run (res://artifacts/deep_audit_20260906/resource_audit.gd:8)
SCRIPT ERROR: Parse Error: Identifier "Terrain3DAssets" not declared in the current scope.
   at: GDScript::reload (res://addons/terrain_3d/src/asset_dock.gd:807)
   GDScript backtrace (most recent call first):
       [0] _run (res://artifacts/deep_audit_20260906/resource_audit.gd:8)
SCRIPT ERROR: Parse Error: Identifier "Terrain3DMeshAsset" not declared in the current scope.
   at: GDScript::reload (res://addons/terrain_3d/src/asset_dock.gd:809)
   GDScript backtrace (most recent call first):
       [0] _run (res://artifacts/deep_audit_20260906/resource_audit.gd:8)
SCRIPT ERROR: Parse Error: Could not find type "Terrain3DMeshAsset" in the current scope.
   at: GDScript::reload (res://addons/terrain_3d/src/asset_dock.gd:812)
   GDScript backtrace (most recent call first):
       [0] _run (res://artifacts/deep_audit_20260906/resource_audit.gd:8)
SCRIPT ERROR: Parse Error: Identifier "Terrain3DAssets" not declared in the current scope.
   at: GDScript::reload (res://addons/terrain_3d/src/asset_dock.gd:812)
   GDScript backtrace (most recent call first):
       [0] _run (res://artifacts/deep_audit_20260906/resource_audit.gd:8)
SCRIPT ERROR: Parse Error: Could not find type "Terrain3DMeshAsset" in the current scope.
   at: GDScript::reload (res://addons/terrain_3d/src/asset_dock.gd:813)
   GDScript backtrace (most recent call first):
       [0] _run (res://artifacts/deep_audit_20260906/resource_audit.gd:8)
SCRIPT ERROR: Parse Error: Could not find type "Terrain3DTextureAsset" in the current scope.
   at: GDScript::reload (res://addons/terrain_3d/src/asset_dock.gd:825)
   GDScript backtrace (most recent call first):
       [0] _run (res://artifacts/deep_audit_20260906/resource_audit.gd:8)
SCRIPT ERROR: Parse Error: Could not find type "Terrain3DMeshAsset" in the current scope.
   at: GDScript::reload (res://addons/terrain_3d/src/asset_dock.gd:828)
   GDScript backtrace (most recent call first):
       [0] _run (res://artifacts/deep_audit_20260906/resource_audit.gd:8)
SCRIPT ERROR: Parse Error: Could not find type "Terrain3DMeshAsset" in the current scope.
   at: GDScript::reload (res://addons/terrain_3d/src/asset_dock.gd:870)
   GDScript backtrace (most recent call first):
       [0] _run (res://artifacts/deep_audit_20260906/resource_audit.gd:8)
ERROR: Failed to load script "res://addons/terrain_3d/src/asset_dock.gd" with error "Parse error".
   at: load (modules/gdscript/gdscript_resource_format.cpp:46)
   GDScript backtrace (most recent call first):
       [0] _run (res://artifacts/deep_audit_20260906/resource_audit.gd:8)
RESOURCE_AUDIT_PROGRESS 125
SCRIPT ERROR: Parse Error: Could not find type "Terrain3D" in the current scope.
   at: GDScript::reload (res://addons/terrain_3d/extras/particle_example/terrain_3D_particles.gd:13)
   GDScript backtrace (most recent call first):
       [0] _run (res://artifacts/deep_audit_20260906/resource_audit.gd:8)
SCRIPT ERROR: Parse Error: Could not find type "Terrain3D" in the current scope.
   at: GDScript::reload (res://addons/terrain_3d/extras/particle_example/terrain_3D_particles.gd:125)
   GDScript backtrace (most recent call first):
       [0] _run (res://artifacts/deep_audit_20260906/resource_audit.gd:8)
ERROR: Failed to load script "res://addons/terrain_3d/extras/particle_example/terrain_3D_particles.gd" with error "Parse error".
   at: load (modules/gdscript/gdscript_resource_format.cpp:46)
   GDScript backtrace (most recent call first):
       [0] _run (res://artifacts/deep_audit_20260906/resource_audit.gd:8)
RESOURCE_AUDIT_PROGRESS 150
RESOURCE_AUDIT_PROGRESS 175
RESOURCE_AUDIT_PROGRESS 200
RESOURCE_AUDIT {"count":210,"failures":["res://addons/terrain_3d/tools/importer.tscn"]}
