Godot Engine v4.7.1.stable.official.a13da4feb - https://godotengine.org

ERROR: HAT PREVIEW INTERACTION VALIDATION FAILED: male Locker Hat top margin was only -12.2 px
   at: push_error (core/variant/variant_utility.cpp:1023)
   GDScript backtrace (most recent call first):
       [0] _check (res://tools/hat_preview_interaction_validation.gd:86)
       [1] _run (res://tools/hat_preview_interaction_validation.gd:41)
ERROR: HAT PREVIEW INTERACTION VALIDATION FAILED: male Locker rotation moved the Hat toward the frame edge
   at: push_error (core/variant/variant_utility.cpp:1023)
   GDScript backtrace (most recent call first):
       [0] _check (res://tools/hat_preview_interaction_validation.gd:86)
       [1] _run (res://tools/hat_preview_interaction_validation.gd:51)
ERROR: HAT PREVIEW INTERACTION VALIDATION FAILED: female Locker Hat top margin was only -14.8 px
   at: push_error (core/variant/variant_utility.cpp:1023)
   GDScript backtrace (most recent call first):
       [0] _check (res://tools/hat_preview_interaction_validation.gd:86)
       [1] _run (res://tools/hat_preview_interaction_validation.gd:41)
ERROR: HAT PREVIEW INTERACTION VALIDATION FAILED: female Locker rotation moved the Hat toward the frame edge
   at: push_error (core/variant/variant_utility.cpp:1023)
   GDScript backtrace (most recent call first):
       [0] _check (res://tools/hat_preview_interaction_validation.gd:86)
       [1] _run (res://tools/hat_preview_interaction_validation.gd:51)
