Godot Engine v4.7.1.stable.official.a13da4feb - https://godotengine.org

[   0% ] first_scan_filesystem | Started Project initialization (5 steps)
[   0% ] first_scan_filesystem | Scanning file structure...
[  16% ] first_scan_filesystem | Loading global class names...
[  33% ] first_scan_filesystem | Verifying GDExtensions...
[  50% ] first_scan_filesystem | Creating autoload scripts...
[  66% ] first_scan_filesystem | Initializing plugins...
[  83% ] first_scan_filesystem | Starting file scan...
[ DONE ] first_scan_filesystem

[   0% ] update_scripts_classes | Started Registering global classes... (2 steps)
[   0% ] update_scripts_classes | 
[  33% ] update_scripts_classes | 
[ DONE ] update_scripts_classes

[   0% ] _update_scan_actions | Started Scanning actions... (8 steps)
[   0% ] _update_scan_actions | eye_wizard_hat_contact_sheet_qa.jpg
[  11% ] _update_scan_actions | mr_mushroom_hat_contact_sheet_qa.jpg
[  22% ] _update_scan_actions | mr_mushroom_hat_contact_sheet_qa_v2.jpg
[  33% ] _update_scan_actions | mr_mushroom_hat_top_contact_sheet_qa_v2.jpg
[  44% ] _update_scan_actions | mr_poop_hat_contact_sheet_qa.jpg
[  55% ] _update_scan_actions | mr_salt_hat_contact_sheet_qa.jpg
[  66% ] _update_scan_actions | spooky_witch_hat_contact_sheet_qa.jpg
[  77% ] _update_scan_actions | ONE_GUN_MASCOT_CONCEPT_SHEET.png
[ DONE ] _update_scan_actions

[   0% ] reimport | Started (Re)Importing Assets (7 steps)
[   0% ] reimport | Preparing files to reimport...
[  12% ] reimport | Preparing files to reimport...
[  25% ] reimport | Preparing files to reimport...
[  37% ] reimport | Preparing files to reimport...
[  50% ] reimport | Preparing files to reimport...
[  62% ] reimport | Preparing files to reimport...
[  75% ] reimport | Preparing files to reimport...
[   0% ] reimport | Executing pre-reimport operations...
[   0% ] reimport | eye_wizard_hat_contact_sheet_qa.jpg
[  12% ] reimport | mr_mushroom_hat_contact_sheet_qa.jpg
[  25% ] reimport | mr_mushroom_hat_contact_sheet_qa_v2.jpg
[  37% ] reimport | mr_mushroom_hat_top_contact_sheet_qa_v2.jpg
[  50% ] reimport | mr_poop_hat_contact_sheet_qa.jpg
[  62% ] reimport | mr_salt_hat_contact_sheet_qa.jpg
[  75% ] reimport | spooky_witch_hat_contact_sheet_qa.jpg
[  87% ] reimport | Finalizing Asset Import...
[ DONE ] reimport

[   0% ] reimport | Started (Re)Importing Assets (7 steps)
[   0% ] reimport | Executing post-reimport operations...
[ DONE ] reimport

[   0% ] loading_editor_layout | Started Loading editor (5 steps)
[   0% ] loading_editor_layout | Loading editor layout...
[  16% ] loading_editor_layout | Loading docks...
[  33% ] loading_editor_layout | Reopening scenes...
[  50% ] loading_editor_layout | Loading central editor layout...
[  66% ] loading_editor_layout | Loading plugin window layout...
SCRIPT ERROR: Parse Error: Could not resolve class "CharacterCustomizationOverlay".
   at: GDScript::reload (res://UI/themed_locker_overlay.gd:1)
SCRIPT ERROR: Compile Error: Failed to compile depended scripts.
   at: GDScript::reload (res://game_setup.gd:0)
ERROR: Failed to load script "res://game_setup.gd" with error "Parse error".
   at: load (modules/gdscript/gdscript_resource_format.cpp:46)
[  83% ] loading_editor_layout | Editor layout ready.
[ DONE ] loading_editor_layout

