Godot Engine v4.7.1.stable.official.a13da4feb - https://godotengine.org

PASS: requested validation model is registered: mr_salt
PASS: mr_salt is available in the public character selector
PASS: mr_salt preserves its authored material
PASS: mr_salt declares a headwear socket profile
PASS: mr_salt has a customization and roster portrait
PASS: mr_salt visual wrapper loads
PASS: mr_salt wrapper keeps its normalized gameplay scale
PASS: mr_salt authored mesh faces gameplay forward
PASS: mr_salt exposes its skinned skeleton
PASS: mr_salt required bone exists: mixamorig_Hips
PASS: mr_salt required bone exists: mixamorig_Head
PASS: mr_salt required bone exists: mixamorig_RightHand
PASS: mr_salt required bone exists: mixamorig_LeftFoot
PASS: mr_salt required bone exists: mixamorig_RightFoot
PASS: mr_salt animated socket is valid: GunHoldPoint
PASS: mr_salt animated socket is valid: MeleeHoldPoint
PASS: mr_salt animated socket is valid: ItemHoldPoint
PASS: mr_salt animated socket is valid: LeftFootSocket
PASS: mr_salt animated socket is valid: RightFootSocket
PASS: mr_salt animated socket is valid: HeadwearSocket
PASS: mr_salt skinned mesh is present
PASS: mr_salt cat-color changes cannot overwrite its authored look
PASS: mr_salt runtime animation player is available
PASS: mr_salt animation retargeted: idle
PASS: mr_salt animation has a complete body track set: idle
PASS: mr_salt animation pose remains finite: idle
PASS: mr_salt animation retargeted: idle_pistol
PASS: mr_salt animation has a complete body track set: idle_pistol
PASS: mr_salt animation pose remains finite: idle_pistol
PASS: mr_salt animation retargeted: long_idle
PASS: mr_salt animation has a complete body track set: long_idle
PASS: mr_salt animation pose remains finite: long_idle
PASS: mr_salt animation retargeted: standard_run
PASS: mr_salt animation has a complete body track set: standard_run
PASS: mr_salt animation pose remains finite: standard_run
PASS: mr_salt animation retargeted: run
PASS: mr_salt animation has a complete body track set: run
PASS: mr_salt animation pose remains finite: run
PASS: mr_salt animation retargeted: jump
PASS: mr_salt animation has a complete body track set: jump
PASS: mr_salt animation pose remains finite: jump
PASS: mr_salt animation retargeted: running_jump
PASS: mr_salt animation has a complete body track set: running_jump
PASS: mr_salt animation pose remains finite: running_jump
PASS: mr_salt animation retargeted: fall
PASS: mr_salt animation has a complete body track set: fall
PASS: mr_salt animation pose remains finite: fall
PASS: mr_salt animation retargeted: pistol_jump
PASS: mr_salt animation has a complete body track set: pistol_jump
PASS: mr_salt animation pose remains finite: pistol_jump
PASS: mr_salt animation retargeted: pistol_run
PASS: mr_salt animation has a complete body track set: pistol_run
PASS: mr_salt animation pose remains finite: pistol_run
PASS: mr_salt animation retargeted: pistol_backward
PASS: mr_salt animation has a complete body track set: pistol_backward
PASS: mr_salt animation pose remains finite: pistol_backward
PASS: mr_salt animation retargeted: pistol_strafe_left
PASS: mr_salt animation has a complete body track set: pistol_strafe_left
PASS: mr_salt animation pose remains finite: pistol_strafe_left
PASS: mr_salt animation retargeted: pistol_strafe_right
PASS: mr_salt animation has a complete body track set: pistol_strafe_right
PASS: mr_salt animation pose remains finite: pistol_strafe_right
PASS: mr_salt animation retargeted: run_with_sword
PASS: mr_salt animation has a complete body track set: run_with_sword
PASS: mr_salt animation pose remains finite: run_with_sword
PASS: mr_salt animation retargeted: melee
PASS: mr_salt animation has a complete body track set: melee
PASS: mr_salt animation pose remains finite: melee
PASS: mr_salt animation retargeted: throw_object
PASS: mr_salt animation has a complete body track set: throw_object
PASS: mr_salt animation pose remains finite: throw_object
PASS: mr_salt animation retargeted: hit
PASS: mr_salt animation has a complete body track set: hit
PASS: mr_salt animation pose remains finite: hit
PASS: mr_salt animation retargeted: hip_hop_dance
PASS: mr_salt animation has a complete body track set: hip_hop_dance
PASS: mr_salt animation pose remains finite: hip_hop_dance
PASS: mr_salt animation retargeted: swing_dance
PASS: mr_salt animation has a complete body track set: swing_dance
PASS: mr_salt animation pose remains finite: swing_dance
PASS: mr_salt animation retargeted: podium_backbeat_bounce
PASS: mr_salt animation has a complete body track set: podium_backbeat_bounce
PASS: mr_salt animation pose remains finite: podium_backbeat_bounce
PASS: mr_salt animation retargeted: podium_champion_canter
PASS: mr_salt animation has a complete body track set: podium_champion_canter
PASS: mr_salt animation pose remains finite: podium_champion_canter
PASS: mr_salt animation retargeted: podium_fresh_footwork
PASS: mr_salt animation has a complete body track set: podium_fresh_footwork
PASS: mr_salt animation pose remains finite: podium_fresh_footwork
PASS: mr_salt animation retargeted: podium_house_party_heat
PASS: mr_salt animation has a complete body track set: podium_house_party_heat
PASS: mr_salt animation pose remains finite: podium_house_party_heat
PASS: mr_salt animation retargeted: podium_serpent_flow
PASS: mr_salt animation has a complete body track set: podium_serpent_flow
PASS: mr_salt animation pose remains finite: podium_serpent_flow
PASS: mr_salt animation retargeted: podium_midnight_monster
PASS: mr_salt animation has a complete body track set: podium_midnight_monster
PASS: mr_salt animation pose remains finite: podium_midnight_monster
PASS: mr_salt animation retargeted: podium_victory_wave
PASS: mr_salt animation has a complete body track set: podium_victory_wave
PASS: mr_salt animation pose remains finite: podium_victory_wave
PASS: mr_salt animation retargeted: round_breakspin_finale
PASS: mr_salt animation has a complete body track set: round_breakspin_finale
PASS: mr_salt animation pose remains finite: round_breakspin_finale
PASS: mr_salt animation retargeted: round_floorwork_finish
PASS: mr_salt animation has a complete body track set: round_floorwork_finish
PASS: mr_salt animation pose remains finite: round_floorwork_finish
PASS: mr_salt animation retargeted: round_birdie_boogie
PASS: mr_salt animation has a complete body track set: round_birdie_boogie
PASS: mr_salt animation pose remains finite: round_birdie_boogie
PASS: mr_salt animation retargeted: round_arena_clapline
PASS: mr_salt animation has a complete body track set: round_arena_clapline
PASS: mr_salt animation pose remains finite: round_arena_clapline
PASS: mr_salt animation retargeted: round_soul_cyclone
PASS: mr_salt animation has a complete body track set: round_soul_cyclone
PASS: mr_salt animation pose remains finite: round_soul_cyclone
PASS: mr_salt animation retargeted: round_quickstep_shuffle
PASS: mr_salt animation has a complete body track set: round_quickstep_shuffle
PASS: mr_salt animation pose remains finite: round_quickstep_shuffle
PASS: mr_salt animation retargeted: round_victory_swing
PASS: mr_salt animation has a complete body track set: round_victory_swing
PASS: mr_salt animation pose remains finite: round_victory_swing
PASS: mr_salt equipped hat is attached beneath its animated head socket
PASS: gameplay actor spawns with mr_salt
PASS: gameplay actor retains mr_salt cosmetics
NEW CHARACTER INTEGRATION VALIDATION PASSED models=1 animations=33
