Godot Engine v4.7.1.stable.official.a13da4feb - https://godotengine.org

PASS: requested validation model is registered: spooky_witch
PASS: spooky_witch is available in the public character selector
PASS: spooky_witch preserves its authored material
PASS: spooky_witch declares a headwear socket profile
PASS: spooky_witch has a customization and roster portrait
PASS: spooky_witch visual wrapper loads
PASS: spooky_witch wrapper keeps its normalized gameplay scale
PASS: spooky_witch authored mesh faces gameplay forward
PASS: spooky_witch exposes its skinned skeleton
PASS: spooky_witch required bone exists: mixamorig_Hips
PASS: spooky_witch required bone exists: mixamorig_Head
PASS: spooky_witch required bone exists: mixamorig_RightHand
PASS: spooky_witch required bone exists: mixamorig_LeftFoot
PASS: spooky_witch required bone exists: mixamorig_RightFoot
PASS: spooky_witch animated socket is valid: GunHoldPoint
PASS: spooky_witch animated socket is valid: MeleeHoldPoint
PASS: spooky_witch animated socket is valid: ItemHoldPoint
PASS: spooky_witch animated socket is valid: LeftFootSocket
PASS: spooky_witch animated socket is valid: RightFootSocket
PASS: spooky_witch animated socket is valid: HeadwearSocket
PASS: spooky_witch skinned mesh is present
PASS: spooky_witch cat-color changes cannot overwrite its authored look
PASS: spooky_witch runtime animation player is available
PASS: spooky_witch animation retargeted: idle
PASS: spooky_witch animation has a complete body track set: idle
PASS: spooky_witch animation pose remains finite: idle
PASS: spooky_witch animation retargeted: idle_pistol
PASS: spooky_witch animation has a complete body track set: idle_pistol
PASS: spooky_witch animation pose remains finite: idle_pistol
PASS: spooky_witch animation retargeted: long_idle
PASS: spooky_witch animation has a complete body track set: long_idle
PASS: spooky_witch animation pose remains finite: long_idle
PASS: spooky_witch animation retargeted: standard_run
PASS: spooky_witch animation has a complete body track set: standard_run
PASS: spooky_witch animation pose remains finite: standard_run
PASS: spooky_witch animation retargeted: run
PASS: spooky_witch animation has a complete body track set: run
PASS: spooky_witch animation pose remains finite: run
PASS: spooky_witch animation retargeted: jump
PASS: spooky_witch animation has a complete body track set: jump
PASS: spooky_witch animation pose remains finite: jump
PASS: spooky_witch animation retargeted: running_jump
PASS: spooky_witch animation has a complete body track set: running_jump
PASS: spooky_witch animation pose remains finite: running_jump
PASS: spooky_witch animation retargeted: fall
PASS: spooky_witch animation has a complete body track set: fall
PASS: spooky_witch animation pose remains finite: fall
PASS: spooky_witch animation retargeted: pistol_jump
PASS: spooky_witch animation has a complete body track set: pistol_jump
PASS: spooky_witch animation pose remains finite: pistol_jump
PASS: spooky_witch animation retargeted: pistol_run
PASS: spooky_witch animation has a complete body track set: pistol_run
PASS: spooky_witch animation pose remains finite: pistol_run
PASS: spooky_witch animation retargeted: pistol_backward
PASS: spooky_witch animation has a complete body track set: pistol_backward
PASS: spooky_witch animation pose remains finite: pistol_backward
PASS: spooky_witch animation retargeted: pistol_strafe_left
PASS: spooky_witch animation has a complete body track set: pistol_strafe_left
PASS: spooky_witch animation pose remains finite: pistol_strafe_left
PASS: spooky_witch animation retargeted: pistol_strafe_right
PASS: spooky_witch animation has a complete body track set: pistol_strafe_right
PASS: spooky_witch animation pose remains finite: pistol_strafe_right
PASS: spooky_witch animation retargeted: run_with_sword
PASS: spooky_witch animation has a complete body track set: run_with_sword
PASS: spooky_witch animation pose remains finite: run_with_sword
PASS: spooky_witch animation retargeted: melee
PASS: spooky_witch animation has a complete body track set: melee
PASS: spooky_witch animation pose remains finite: melee
PASS: spooky_witch animation retargeted: throw_object
PASS: spooky_witch animation has a complete body track set: throw_object
PASS: spooky_witch animation pose remains finite: throw_object
PASS: spooky_witch animation retargeted: hit
PASS: spooky_witch animation has a complete body track set: hit
PASS: spooky_witch animation pose remains finite: hit
PASS: spooky_witch animation retargeted: hip_hop_dance
PASS: spooky_witch animation has a complete body track set: hip_hop_dance
PASS: spooky_witch animation pose remains finite: hip_hop_dance
PASS: spooky_witch animation retargeted: swing_dance
PASS: spooky_witch animation has a complete body track set: swing_dance
PASS: spooky_witch animation pose remains finite: swing_dance
PASS: spooky_witch animation retargeted: podium_backbeat_bounce
PASS: spooky_witch animation has a complete body track set: podium_backbeat_bounce
PASS: spooky_witch animation pose remains finite: podium_backbeat_bounce
PASS: spooky_witch animation retargeted: podium_champion_canter
PASS: spooky_witch animation has a complete body track set: podium_champion_canter
PASS: spooky_witch animation pose remains finite: podium_champion_canter
PASS: spooky_witch animation retargeted: podium_fresh_footwork
PASS: spooky_witch animation has a complete body track set: podium_fresh_footwork
PASS: spooky_witch animation pose remains finite: podium_fresh_footwork
PASS: spooky_witch animation retargeted: podium_house_party_heat
PASS: spooky_witch animation has a complete body track set: podium_house_party_heat
PASS: spooky_witch animation pose remains finite: podium_house_party_heat
PASS: spooky_witch animation retargeted: podium_serpent_flow
PASS: spooky_witch animation has a complete body track set: podium_serpent_flow
PASS: spooky_witch animation pose remains finite: podium_serpent_flow
PASS: spooky_witch animation retargeted: podium_midnight_monster
PASS: spooky_witch animation has a complete body track set: podium_midnight_monster
PASS: spooky_witch animation pose remains finite: podium_midnight_monster
PASS: spooky_witch animation retargeted: podium_victory_wave
PASS: spooky_witch animation has a complete body track set: podium_victory_wave
PASS: spooky_witch animation pose remains finite: podium_victory_wave
PASS: spooky_witch animation retargeted: round_breakspin_finale
PASS: spooky_witch animation has a complete body track set: round_breakspin_finale
PASS: spooky_witch animation pose remains finite: round_breakspin_finale
PASS: spooky_witch animation retargeted: round_floorwork_finish
PASS: spooky_witch animation has a complete body track set: round_floorwork_finish
PASS: spooky_witch animation pose remains finite: round_floorwork_finish
PASS: spooky_witch animation retargeted: round_birdie_boogie
PASS: spooky_witch animation has a complete body track set: round_birdie_boogie
PASS: spooky_witch animation pose remains finite: round_birdie_boogie
PASS: spooky_witch animation retargeted: round_arena_clapline
PASS: spooky_witch animation has a complete body track set: round_arena_clapline
PASS: spooky_witch animation pose remains finite: round_arena_clapline
PASS: spooky_witch animation retargeted: round_soul_cyclone
PASS: spooky_witch animation has a complete body track set: round_soul_cyclone
PASS: spooky_witch animation pose remains finite: round_soul_cyclone
PASS: spooky_witch animation retargeted: round_quickstep_shuffle
PASS: spooky_witch animation has a complete body track set: round_quickstep_shuffle
PASS: spooky_witch animation pose remains finite: round_quickstep_shuffle
PASS: spooky_witch animation retargeted: round_victory_swing
PASS: spooky_witch animation has a complete body track set: round_victory_swing
PASS: spooky_witch animation pose remains finite: round_victory_swing
PASS: spooky_witch equipped hat is attached beneath its animated head socket
PASS: gameplay actor spawns with spooky_witch
PASS: gameplay actor retains spooky_witch cosmetics
NEW CHARACTER INTEGRATION VALIDATION PASSED models=1 animations=33
